#2026 09 07 11:05:51.024#Z#DEBUG#ee464cf9-aaab-11f1-a0e6-eeee0a85092e.order-app-db-deployer#flowable-async-job-executor-thread-40239#
[PollStageAppStatusExecution] 722b502e-e9bd-46fe-a37a-54a1ba0bdf43 [2026-09-07T11:05:05.303692] Added process: "web" (STDOUT, API)#
#2026 09 07 11:05:51.024#Z#DEBUG#ee464cf9-aaab-11f1-a0e6-eeee0a85092e.order-app-db-deployer#flowable-async-job-executor-thread-40239#
[PollStageAppStatusExecution] 722b502e-e9bd-46fe-a37a-54a1ba0bdf43 [2026-09-07T11:05:05.309423] Created app with guid 722b502e-e9bd-46fe-a37a-54a1ba0bdf43 (STDOUT, API)#
#2026 09 07 11:05:51.024#Z#DEBUG#ee464cf9-aaab-11f1-a0e6-eeee0a85092e.order-app-db-deployer#flowable-async-job-executor-thread-40239#
[PollStageAppStatusExecution] 722b502e-e9bd-46fe-a37a-54a1ba0bdf43 [2026-09-07T11:05:05.379254] Updating process: "web" (STDOUT, API)#
#2026 09 07 11:05:51.024#Z#DEBUG#ee464cf9-aaab-11f1-a0e6-eeee0a85092e.order-app-db-deployer#flowable-async-job-executor-thread-40239#
[PollStageAppStatusExecution] 722b502e-e9bd-46fe-a37a-54a1ba0bdf43 [2026-09-07T11:05:05.438454] Scaling process: "web" (STDOUT, API)#
#2026 09 07 11:05:51.024#Z#DEBUG#ee464cf9-aaab-11f1-a0e6-eeee0a85092e.order-app-db-deployer#flowable-async-job-executor-thread-40239#
[PollStageAppStatusExecution] 722b502e-e9bd-46fe-a37a-54a1ba0bdf43 [2026-09-07T11:05:31.078831] Uploading app package for app with guid 722b502e-e9bd-46fe-a37a-54a1ba0bdf43 (STDOUT, API)#
#2026 09 07 11:05:51.024#Z#DEBUG#ee464cf9-aaab-11f1-a0e6-eeee0a85092e.order-app-db-deployer#flowable-async-job-executor-thread-40239#
[PollStageAppStatusExecution] 722b502e-e9bd-46fe-a37a-54a1ba0bdf43 [2026-09-07T11:05:31.238217] Updated app with guid 722b502e-e9bd-46fe-a37a-54a1ba0bdf43 ({"environment_variables"=>"[PRIVATE DATA HIDDEN]"}) (STDOUT, API)#
#2026 09 07 11:05:51.024#Z#DEBUG#ee464cf9-aaab-11f1-a0e6-eeee0a85092e.order-app-db-deployer#flowable-async-job-executor-thread-40239#
[PollStageAppStatusExecution] 722b502e-e9bd-46fe-a37a-54a1ba0bdf43 [2026-09-07T11:05:41.222963] Creating build for app with guid 722b502e-e9bd-46fe-a37a-54a1ba0bdf43 (STDOUT, API)#
#2026 09 07 11:05:51.024#Z#DEBUG#ee464cf9-aaab-11f1-a0e6-eeee0a85092e.order-app-db-deployer#flowable-async-job-executor-thread-40239#
[PollStageAppStatusExecution] 722b502e-e9bd-46fe-a37a-54a1ba0bdf43 [2026-09-07T11:05:41.627545] Downloading nodejs_buildpack... (STDOUT, STG)#
#2026 09 07 11:05:51.024#Z#DEBUG#ee464cf9-aaab-11f1-a0e6-eeee0a85092e.order-app-db-deployer#flowable-async-job-executor-thread-40239#
[PollStageAppStatusExecution] 722b502e-e9bd-46fe-a37a-54a1ba0bdf43 [2026-09-07T11:05:41.675065] Downloaded nodejs_buildpack (STDOUT, STG)#
#2026 09 07 11:05:51.024#Z#DEBUG#ee464cf9-aaab-11f1-a0e6-eeee0a85092e.order-app-db-deployer#flowable-async-job-executor-thread-40239#
[PollStageAppStatusExecution] 722b502e-e9bd-46fe-a37a-54a1ba0bdf43 [2026-09-07T11:05:41.675189] Cell 684caff8-89cd-492b-be01-b3d0835f1763 creating container for instance 8e1d5d82-6cdd-41d7-8343-7da54150c656 (STDOUT, STG)#
#2026 09 07 11:05:51.024#Z#DEBUG#ee464cf9-aaab-11f1-a0e6-eeee0a85092e.order-app-db-deployer#flowable-async-job-executor-thread-40239#
[PollStageAppStatusExecution] 722b502e-e9bd-46fe-a37a-54a1ba0bdf43 [2026-09-07T11:05:43.204813] Security group rules were updated (STDOUT, STG)#
#2026 09 07 11:05:51.024#Z#DEBUG#ee464cf9-aaab-11f1-a0e6-eeee0a85092e.order-app-db-deployer#flowable-async-job-executor-thread-40239#
[PollStageAppStatusExecution] 722b502e-e9bd-46fe-a37a-54a1ba0bdf43 [2026-09-07T11:05:43.302073] Cell 684caff8-89cd-492b-be01-b3d0835f1763 successfully created container for instance 8e1d5d82-6cdd-41d7-8343-7da54150c656 (STDOUT, STG)#
#2026 09 07 11:05:51.024#Z#DEBUG#ee464cf9-aaab-11f1-a0e6-eeee0a85092e.order-app-db-deployer#flowable-async-job-executor-thread-40239#
[PollStageAppStatusExecution] 722b502e-e9bd-46fe-a37a-54a1ba0bdf43 [2026-09-07T11:05:43.592697] Downloading app package... (STDOUT, STG)#
#2026 09 07 11:05:51.024#Z#DEBUG#ee464cf9-aaab-11f1-a0e6-eeee0a85092e.order-app-db-deployer#flowable-async-job-executor-thread-40239#
[PollStageAppStatusExecution] 722b502e-e9bd-46fe-a37a-54a1ba0bdf43 [2026-09-07T11:05:43.877648] Downloaded app package (2.3M) (STDOUT, STG)#
#2026 09 07 11:05:51.024#Z#DEBUG#ee464cf9-aaab-11f1-a0e6-eeee0a85092e.order-app-db-deployer#flowable-async-job-executor-thread-40239#
[PollStageAppStatusExecution] 722b502e-e9bd-46fe-a37a-54a1ba0bdf43 [2026-09-07T11:05:44.012822] -----> Nodejs Buildpack version 1.9.3 (STDOUT, STG)#
#2026 09 07 11:05:51.024#Z#DEBUG#ee464cf9-aaab-11f1-a0e6-eeee0a85092e.order-app-db-deployer#flowable-async-job-executor-thread-40239#
[PollStageAppStatusExecution] 722b502e-e9bd-46fe-a37a-54a1ba0bdf43 [2026-09-07T11:05:44.204141] -----> Bootstrapping python (STDOUT, STG)#
#2026 09 07 11:05:51.024#Z#DEBUG#ee464cf9-aaab-11f1-a0e6-eeee0a85092e.order-app-db-deployer#flowable-async-job-executor-thread-40239#
[PollStageAppStatusExecution] 722b502e-e9bd-46fe-a37a-54a1ba0bdf43 [2026-09-07T11:05:44.204221] -----> Installing python 3.13.14 (STDOUT, STG)#
#2026 09 07 11:05:51.024#Z#DEBUG#ee464cf9-aaab-11f1-a0e6-eeee0a85092e.order-app-db-deployer#flowable-async-job-executor-thread-40239#
[PollStageAppStatusExecution] 722b502e-e9bd-46fe-a37a-54a1ba0bdf43 [2026-09-07T11:05:44.204280] Copy [/tmp/buildpacks/336fb825d4d72bff/dependencies/4b4266a2ff36730aef37b88b668ca327/python_3.13.14_linux_x64_cflinuxfs4_b80d4954.tgz] (STDOUT, STG)#
#2026 09 07 11:05:51.024#Z#DEBUG#ee464cf9-aaab-11f1-a0e6-eeee0a85092e.order-app-db-deployer#flowable-async-job-executor-thread-40239#
[PollStageAppStatusExecution] 722b502e-e9bd-46fe-a37a-54a1ba0bdf43 [2026-09-07T11:05:49.208641] -----> Installing binaries (STDOUT, STG)#
#2026 09 07 11:05:51.024#Z#DEBUG#ee464cf9-aaab-11f1-a0e6-eeee0a85092e.order-app-db-deployer#flowable-async-job-executor-thread-40239#
[PollStageAppStatusExecution] 722b502e-e9bd-46fe-a37a-54a1ba0bdf43 [2026-09-07T11:05:49.208786] engines.node (package.json): >=18 (STDOUT, STG)#
#2026 09 07 11:05:51.024#Z#DEBUG#ee464cf9-aaab-11f1-a0e6-eeee0a85092e.order-app-db-deployer#flowable-async-job-executor-thread-40239#
[PollStageAppStatusExecution] 722b502e-e9bd-46fe-a37a-54a1ba0bdf43 [2026-09-07T11:05:49.208821] engines.npm (package.json): unspecified (use default) (STDOUT, STG)#
#2026 09 07 11:05:51.024#Z#DEBUG#ee464cf9-aaab-11f1-a0e6-eeee0a85092e.order-app-db-deployer#flowable-async-job-executor-thread-40239#
[PollStageAppStatusExecution] 722b502e-e9bd-46fe-a37a-54a1ba0bdf43 [2026-09-07T11:05:49.208990] [31;1m**WARNING**[0m Dangerous semver range (>) in engines.node. See: http://docs.cloudfoundry.org/buildpacks/node/node-tips.html (STDOUT, STG)#
#2026 09 07 11:05:51.024#Z#DEBUG#ee464cf9-aaab-11f1-a0e6-eeee0a85092e.order-app-db-deployer#flowable-async-job-executor-thread-40239#
[PollStageAppStatusExecution] 722b502e-e9bd-46fe-a37a-54a1ba0bdf43 [2026-09-07T11:05:49.209037] -----> Installing node 24.18.0 (STDOUT, STG)#
#2026 09 07 11:05:51.024#Z#DEBUG#ee464cf9-aaab-11f1-a0e6-eeee0a85092e.order-app-db-deployer#flowable-async-job-executor-thread-40239#
[PollStageAppStatusExecution] 722b502e-e9bd-46fe-a37a-54a1ba0bdf43 [2026-09-07T11:05:49.209315] Copy [/tmp/buildpacks/336fb825d4d72bff/dependencies/dffbbb835fcd073c4544f78eb6247fac/node_24.18.0_linux_x64_cflinuxfs4_cdfed650.tgz] (STDOUT, STG)#
#2026 09 07 11:06:01.112#Z#DEBUG#ee464cf9-aaab-11f1-a0e6-eeee0a85092e.order-app-db-deployer#flowable-async-job-executor-thread-40245#
[PollStageAppStatusExecution] 722b502e-e9bd-46fe-a37a-54a1ba0bdf43 [2026-09-07T11:05:52.044836] Using default npm version: 11.16.0 (STDOUT, STG)#
#2026 09 07 11:06:01.112#Z#DEBUG#ee464cf9-aaab-11f1-a0e6-eeee0a85092e.order-app-db-deployer#flowable-async-job-executor-thread-40245#
[PollStageAppStatusExecution] 722b502e-e9bd-46fe-a37a-54a1ba0bdf43 [2026-09-07T11:05:52.044872] -----> Installing yarn 1.22.22 (STDOUT, STG)#
#2026 09 07 11:06:01.112#Z#DEBUG#ee464cf9-aaab-11f1-a0e6-eeee0a85092e.order-app-db-deployer#flowable-async-job-executor-thread-40245#
[PollStageAppStatusExecution] 722b502e-e9bd-46fe-a37a-54a1ba0bdf43 [2026-09-07T11:05:52.044887] Copy [/tmp/buildpacks/336fb825d4d72bff/dependencies/e4fe26756e9984a665478d350474fa2e/yarn_1.22.22_linux_noarch_any-stack_b6132b86.tgz] (STDOUT, STG)#
#2026 09 07 11:06:01.112#Z#DEBUG#ee464cf9-aaab-11f1-a0e6-eeee0a85092e.order-app-db-deployer#flowable-async-job-executor-thread-40245#
[PollStageAppStatusExecution] 722b502e-e9bd-46fe-a37a-54a1ba0bdf43 [2026-09-07T11:05:52.491053] Installed yarn 1.22.22 (STDOUT, STG)#
#2026 09 07 11:06:01.112#Z#DEBUG#ee464cf9-aaab-11f1-a0e6-eeee0a85092e.order-app-db-deployer#flowable-async-job-executor-thread-40245#
[PollStageAppStatusExecution] 722b502e-e9bd-46fe-a37a-54a1ba0bdf43 [2026-09-07T11:05:52.491089] -----> Creating runtime environment (STDOUT, STG)#
#2026 09 07 11:06:01.112#Z#DEBUG#ee464cf9-aaab-11f1-a0e6-eeee0a85092e.order-app-db-deployer#flowable-async-job-executor-thread-40245#
[PollStageAppStatusExecution] 722b502e-e9bd-46fe-a37a-54a1ba0bdf43 [2026-09-07T11:05:52.492937] NODE_ENV=production (STDOUT, STG)#
#2026 09 07 11:06:01.112#Z#DEBUG#ee464cf9-aaab-11f1-a0e6-eeee0a85092e.order-app-db-deployer#flowable-async-job-executor-thread-40245#
[PollStageAppStatusExecution] 722b502e-e9bd-46fe-a37a-54a1ba0bdf43 [2026-09-07T11:05:52.492962] NODE_HOME=/tmp/contents2860661622/deps/0/node (STDOUT, STG)#
#2026 09 07 11:06:01.112#Z#DEBUG#ee464cf9-aaab-11f1-a0e6-eeee0a85092e.order-app-db-deployer#flowable-async-job-executor-thread-40245#
[PollStageAppStatusExecution] 722b502e-e9bd-46fe-a37a-54a1ba0bdf43 [2026-09-07T11:05:52.492965] NODE_MODULES_CACHE=true (STDOUT, STG)#
#2026 09 07 11:06:01.112#Z#DEBUG#ee464cf9-aaab-11f1-a0e6-eeee0a85092e.order-app-db-deployer#flowable-async-job-executor-thread-40245#
[PollStageAppStatusExecution] 722b502e-e9bd-46fe-a37a-54a1ba0bdf43 [2026-09-07T11:05:52.492968] NODE_VERBOSE=false (STDOUT, STG)#
#2026 09 07 11:06:01.112#Z#DEBUG#ee464cf9-aaab-11f1-a0e6-eeee0a85092e.order-app-db-deployer#flowable-async-job-executor-thread-40245#
[PollStageAppStatusExecution] 722b502e-e9bd-46fe-a37a-54a1ba0bdf43 [2026-09-07T11:05:52.492970] NPM_CONFIG_LOGLEVEL=error (STDOUT, STG)#
#2026 09 07 11:06:01.112#Z#DEBUG#ee464cf9-aaab-11f1-a0e6-eeee0a85092e.order-app-db-deployer#flowable-async-job-executor-thread-40245#
[PollStageAppStatusExecution] 722b502e-e9bd-46fe-a37a-54a1ba0bdf43 [2026-09-07T11:05:52.492980] NPM_CONFIG_PRODUCTION=true (STDOUT, STG)#
#2026 09 07 11:06:01.112#Z#DEBUG#ee464cf9-aaab-11f1-a0e6-eeee0a85092e.order-app-db-deployer#flowable-async-job-executor-thread-40245#
[PollStageAppStatusExecution] 722b502e-e9bd-46fe-a37a-54a1ba0bdf43 [2026-09-07T11:05:52.492996] -----> Building dependencies (STDOUT, STG)#
#2026 09 07 11:06:01.112#Z#DEBUG#ee464cf9-aaab-11f1-a0e6-eeee0a85092e.order-app-db-deployer#flowable-async-job-executor-thread-40245#
[PollStageAppStatusExecution] 722b502e-e9bd-46fe-a37a-54a1ba0bdf43 [2026-09-07T11:05:52.492998] Prebuild detected (node_modules already exists) (STDOUT, STG)#
#2026 09 07 11:06:01.112#Z#DEBUG#ee464cf9-aaab-11f1-a0e6-eeee0a85092e.order-app-db-deployer#flowable-async-job-executor-thread-40245#
[PollStageAppStatusExecution] 722b502e-e9bd-46fe-a37a-54a1ba0bdf43 [2026-09-07T11:05:52.493037] Rebuilding any native modules (STDOUT, STG)#
#2026 09 07 11:06:01.112#Z#DEBUG#ee464cf9-aaab-11f1-a0e6-eeee0a85092e.order-app-db-deployer#flowable-async-job-executor-thread-40245#
[PollStageAppStatusExecution] 722b502e-e9bd-46fe-a37a-54a1ba0bdf43 [2026-09-07T11:05:53.304300] rebuilt dependencies successfully (STDOUT, STG)#
#2026 09 07 11:06:01.112#Z#DEBUG#ee464cf9-aaab-11f1-a0e6-eeee0a85092e.order-app-db-deployer#flowable-async-job-executor-thread-40245#
[PollStageAppStatusExecution] 722b502e-e9bd-46fe-a37a-54a1ba0bdf43 [2026-09-07T11:05:53.306975] npm notice (STDOUT, STG)#
#2026 09 07 11:06:01.112#Z#DEBUG#ee464cf9-aaab-11f1-a0e6-eeee0a85092e.order-app-db-deployer#flowable-async-job-executor-thread-40245#
[PollStageAppStatusExecution] 722b502e-e9bd-46fe-a37a-54a1ba0bdf43 [2026-09-07T11:05:53.307001] npm notice New major version of npm available! 11.16.0 -> 12.0.2 (STDOUT, STG)#
#2026 09 07 11:06:01.112#Z#DEBUG#ee464cf9-aaab-11f1-a0e6-eeee0a85092e.order-app-db-deployer#flowable-async-job-executor-thread-40245#
[PollStageAppStatusExecution] 722b502e-e9bd-46fe-a37a-54a1ba0bdf43 [2026-09-07T11:05:53.307007] npm notice Changelog: https://github.com/npm/cli/releases/tag/v12.0.2 (STDOUT, STG)#
#2026 09 07 11:06:01.112#Z#DEBUG#ee464cf9-aaab-11f1-a0e6-eeee0a85092e.order-app-db-deployer#flowable-async-job-executor-thread-40245#
[PollStageAppStatusExecution] 722b502e-e9bd-46fe-a37a-54a1ba0bdf43 [2026-09-07T11:05:53.307009] npm notice To update run: npm install -g npm@12.0.2 (STDOUT, STG)#
#2026 09 07 11:06:01.112#Z#DEBUG#ee464cf9-aaab-11f1-a0e6-eeee0a85092e.order-app-db-deployer#flowable-async-job-executor-thread-40245#
[PollStageAppStatusExecution] 722b502e-e9bd-46fe-a37a-54a1ba0bdf43 [2026-09-07T11:05:53.307012] npm notice (STDOUT, STG)#
#2026 09 07 11:06:01.112#Z#DEBUG#ee464cf9-aaab-11f1-a0e6-eeee0a85092e.order-app-db-deployer#flowable-async-job-executor-thread-40245#
[PollStageAppStatusExecution] 722b502e-e9bd-46fe-a37a-54a1ba0bdf43 [2026-09-07T11:05:53.377722] Installing any new modules (package.json + package-lock.json) (STDOUT, STG)#
#2026 09 07 11:06:01.112#Z#DEBUG#ee464cf9-aaab-11f1-a0e6-eeee0a85092e.order-app-db-deployer#flowable-async-job-executor-thread-40245#
[PollStageAppStatusExecution] 722b502e-e9bd-46fe-a37a-54a1ba0bdf43 [2026-09-07T11:05:54.016949] up to date in 522ms (STDOUT, STG)#
#2026 09 07 11:06:01.112#Z#DEBUG#ee464cf9-aaab-11f1-a0e6-eeee0a85092e.order-app-db-deployer#flowable-async-job-executor-thread-40245#
[PollStageAppStatusExecution] 722b502e-e9bd-46fe-a37a-54a1ba0bdf43 [2026-09-07T11:05:54.017193] 4 packages are looking for funding (STDOUT, STG)#
#2026 09 07 11:06:01.112#Z#DEBUG#ee464cf9-aaab-11f1-a0e6-eeee0a85092e.order-app-db-deployer#flowable-async-job-executor-thread-40245#
[PollStageAppStatusExecution] 722b502e-e9bd-46fe-a37a-54a1ba0bdf43 [2026-09-07T11:05:54.017254] run `npm fund` for details (STDOUT, STG)#
#2026 09 07 11:06:01.112#Z#DEBUG#ee464cf9-aaab-11f1-a0e6-eeee0a85092e.order-app-db-deployer#flowable-async-job-executor-thread-40245#
[PollStageAppStatusExecution] 722b502e-e9bd-46fe-a37a-54a1ba0bdf43 [2026-09-07T11:05:54.856852] Contrast Security no credentials found. Will not write environment files. (STDOUT, STG)#
#2026 09 07 11:06:11.262#Z#DEBUG#ee464cf9-aaab-11f1-a0e6-eeee0a85092e.order-app-db-deployer#flowable-async-job-executor-thread-40255#
[PollStageAppStatusExecution] 722b502e-e9bd-46fe-a37a-54a1ba0bdf43 [2026-09-07T11:06:05.410088] Exit status 0 (STDOUT, STG)#
#2026 09 07 11:06:11.262#Z#DEBUG#ee464cf9-aaab-11f1-a0e6-eeee0a85092e.order-app-db-deployer#flowable-async-job-executor-thread-40255#
[PollStageAppStatusExecution] 722b502e-e9bd-46fe-a37a-54a1ba0bdf43 [2026-09-07T11:06:05.410148] Uploading droplet, build artifacts cache... (STDOUT, STG)#
#2026 09 07 11:06:11.262#Z#DEBUG#ee464cf9-aaab-11f1-a0e6-eeee0a85092e.order-app-db-deployer#flowable-async-job-executor-thread-40255#
[PollStageAppStatusExecution] 722b502e-e9bd-46fe-a37a-54a1ba0bdf43 [2026-09-07T11:06:05.410195] Uploading droplet... (STDOUT, STG)#
#2026 09 07 11:06:11.262#Z#DEBUG#ee464cf9-aaab-11f1-a0e6-eeee0a85092e.order-app-db-deployer#flowable-async-job-executor-thread-40255#
[PollStageAppStatusExecution] 722b502e-e9bd-46fe-a37a-54a1ba0bdf43 [2026-09-07T11:06:05.410545] Uploading build artifacts cache... (STDOUT, STG)#
#2026 09 07 11:06:11.262#Z#DEBUG#ee464cf9-aaab-11f1-a0e6-eeee0a85092e.order-app-db-deployer#flowable-async-job-executor-thread-40255#
[PollStageAppStatusExecution] 722b502e-e9bd-46fe-a37a-54a1ba0bdf43 [2026-09-07T11:06:05.454266] Uploaded build artifacts cache (216B) (STDOUT, STG)#
#2026 09 07 11:06:11.262#Z#DEBUG#ee464cf9-aaab-11f1-a0e6-eeee0a85092e.order-app-db-deployer#flowable-async-job-executor-thread-40255#
[PollStageAppStatusExecution] 722b502e-e9bd-46fe-a37a-54a1ba0bdf43 [2026-09-07T11:06:06.144669] Creating droplet for app with guid 722b502e-e9bd-46fe-a37a-54a1ba0bdf43 (STDOUT, API)#
#2026 09 07 11:06:11.262#Z#DEBUG#ee464cf9-aaab-11f1-a0e6-eeee0a85092e.order-app-db-deployer#flowable-async-job-executor-thread-40255#
[PollStageAppStatusExecution] 722b502e-e9bd-46fe-a37a-54a1ba0bdf43 [2026-09-07T11:06:07.224813] Uploaded droplet (59.2M) (STDOUT, STG)#
#2026 09 07 11:06:11.262#Z#DEBUG#ee464cf9-aaab-11f1-a0e6-eeee0a85092e.order-app-db-deployer#flowable-async-job-executor-thread-40255#
[PollStageAppStatusExecution] 722b502e-e9bd-46fe-a37a-54a1ba0bdf43 [2026-09-07T11:06:07.247498] Uploading complete (STDOUT, STG)#
#2026 09 07 11:06:11.262#Z#DEBUG#ee464cf9-aaab-11f1-a0e6-eeee0a85092e.order-app-db-deployer#flowable-async-job-executor-thread-40255#
[PollStageAppStatusExecution] 722b502e-e9bd-46fe-a37a-54a1ba0bdf43 [2026-09-07T11:06:08.383890] Cell 684caff8-89cd-492b-be01-b3d0835f1763 stopping instance 8e1d5d82-6cdd-41d7-8343-7da54150c656 (STDOUT, STG)#
#2026 09 07 11:06:11.262#Z#DEBUG#ee464cf9-aaab-11f1-a0e6-eeee0a85092e.order-app-db-deployer#flowable-async-job-executor-thread-40255#
[PollStageAppStatusExecution] 722b502e-e9bd-46fe-a37a-54a1ba0bdf43 [2026-09-07T11:06:08.383932] Cell 684caff8-89cd-492b-be01-b3d0835f1763 destroying container for instance 8e1d5d82-6cdd-41d7-8343-7da54150c656 (STDOUT, STG)#
#2026 09 07 11:06:11.262#Z#DEBUG#ee464cf9-aaab-11f1-a0e6-eeee0a85092e.order-app-db-deployer#flowable-async-job-executor-thread-40255#
[PollStageAppStatusExecution] 722b502e-e9bd-46fe-a37a-54a1ba0bdf43 [2026-09-07T11:06:08.435639] Staging complete for build 8e1d5d82-6cdd-41d7-8343-7da54150c656 (STDOUT, API)#
#2026 09 07 11:06:21.257#Z#DEBUG#ee464cf9-aaab-11f1-a0e6-eeee0a85092e.order-app-db-deployer#flowable-async-job-executor-thread-40263#
[PollExecuteTaskStatusExecution] 722b502e-e9bd-46fe-a37a-54a1ba0bdf43 [2026-09-07T11:05:05.303692] Added process: "web" (STDOUT, API)#
#2026 09 07 11:06:21.257#Z#DEBUG#ee464cf9-aaab-11f1-a0e6-eeee0a85092e.order-app-db-deployer#flowable-async-job-executor-thread-40263#
[PollExecuteTaskStatusExecution] 722b502e-e9bd-46fe-a37a-54a1ba0bdf43 [2026-09-07T11:05:05.309423] Created app with guid 722b502e-e9bd-46fe-a37a-54a1ba0bdf43 (STDOUT, API)#
#2026 09 07 11:06:21.257#Z#DEBUG#ee464cf9-aaab-11f1-a0e6-eeee0a85092e.order-app-db-deployer#flowable-async-job-executor-thread-40263#
[PollExecuteTaskStatusExecution] 722b502e-e9bd-46fe-a37a-54a1ba0bdf43 [2026-09-07T11:05:05.379254] Updating process: "web" (STDOUT, API)#
#2026 09 07 11:06:21.257#Z#DEBUG#ee464cf9-aaab-11f1-a0e6-eeee0a85092e.order-app-db-deployer#flowable-async-job-executor-thread-40263#
[PollExecuteTaskStatusExecution] 722b502e-e9bd-46fe-a37a-54a1ba0bdf43 [2026-09-07T11:05:05.438454] Scaling process: "web" (STDOUT, API)#
#2026 09 07 11:06:21.257#Z#DEBUG#ee464cf9-aaab-11f1-a0e6-eeee0a85092e.order-app-db-deployer#flowable-async-job-executor-thread-40263#
[PollExecuteTaskStatusExecution] 722b502e-e9bd-46fe-a37a-54a1ba0bdf43 [2026-09-07T11:05:31.078831] Uploading app package for app with guid 722b502e-e9bd-46fe-a37a-54a1ba0bdf43 (STDOUT, API)#
#2026 09 07 11:06:21.257#Z#DEBUG#ee464cf9-aaab-11f1-a0e6-eeee0a85092e.order-app-db-deployer#flowable-async-job-executor-thread-40263#
[PollExecuteTaskStatusExecution] 722b502e-e9bd-46fe-a37a-54a1ba0bdf43 [2026-09-07T11:05:31.238217] Updated app with guid 722b502e-e9bd-46fe-a37a-54a1ba0bdf43 ({"environment_variables"=>"[PRIVATE DATA HIDDEN]"}) (STDOUT, API)#
#2026 09 07 11:06:21.257#Z#DEBUG#ee464cf9-aaab-11f1-a0e6-eeee0a85092e.order-app-db-deployer#flowable-async-job-executor-thread-40263#
[PollExecuteTaskStatusExecution] 722b502e-e9bd-46fe-a37a-54a1ba0bdf43 [2026-09-07T11:05:41.222963] Creating build for app with guid 722b502e-e9bd-46fe-a37a-54a1ba0bdf43 (STDOUT, API)#
#2026 09 07 11:06:21.257#Z#DEBUG#ee464cf9-aaab-11f1-a0e6-eeee0a85092e.order-app-db-deployer#flowable-async-job-executor-thread-40263#
[PollExecuteTaskStatusExecution] 722b502e-e9bd-46fe-a37a-54a1ba0bdf43 [2026-09-07T11:05:41.627545] Downloading nodejs_buildpack... (STDOUT, STG)#
#2026 09 07 11:06:21.257#Z#DEBUG#ee464cf9-aaab-11f1-a0e6-eeee0a85092e.order-app-db-deployer#flowable-async-job-executor-thread-40263#
[PollExecuteTaskStatusExecution] 722b502e-e9bd-46fe-a37a-54a1ba0bdf43 [2026-09-07T11:05:41.675065] Downloaded nodejs_buildpack (STDOUT, STG)#
#2026 09 07 11:06:21.257#Z#DEBUG#ee464cf9-aaab-11f1-a0e6-eeee0a85092e.order-app-db-deployer#flowable-async-job-executor-thread-40263#
[PollExecuteTaskStatusExecution] 722b502e-e9bd-46fe-a37a-54a1ba0bdf43 [2026-09-07T11:05:41.675189] Cell 684caff8-89cd-492b-be01-b3d0835f1763 creating container for instance 8e1d5d82-6cdd-41d7-8343-7da54150c656 (STDOUT, STG)#
#2026 09 07 11:06:21.257#Z#DEBUG#ee464cf9-aaab-11f1-a0e6-eeee0a85092e.order-app-db-deployer#flowable-async-job-executor-thread-40263#
[PollExecuteTaskStatusExecution] 722b502e-e9bd-46fe-a37a-54a1ba0bdf43 [2026-09-07T11:05:43.204813] Security group rules were updated (STDOUT, STG)#
#2026 09 07 11:06:21.257#Z#DEBUG#ee464cf9-aaab-11f1-a0e6-eeee0a85092e.order-app-db-deployer#flowable-async-job-executor-thread-40263#
[PollExecuteTaskStatusExecution] 722b502e-e9bd-46fe-a37a-54a1ba0bdf43 [2026-09-07T11:05:43.302073] Cell 684caff8-89cd-492b-be01-b3d0835f1763 successfully created container for instance 8e1d5d82-6cdd-41d7-8343-7da54150c656 (STDOUT, STG)#
#2026 09 07 11:06:21.257#Z#DEBUG#ee464cf9-aaab-11f1-a0e6-eeee0a85092e.order-app-db-deployer#flowable-async-job-executor-thread-40263#
[PollExecuteTaskStatusExecution] 722b502e-e9bd-46fe-a37a-54a1ba0bdf43 [2026-09-07T11:05:43.592697] Downloading app package... (STDOUT, STG)#
#2026 09 07 11:06:21.257#Z#DEBUG#ee464cf9-aaab-11f1-a0e6-eeee0a85092e.order-app-db-deployer#flowable-async-job-executor-thread-40263#
[PollExecuteTaskStatusExecution] 722b502e-e9bd-46fe-a37a-54a1ba0bdf43 [2026-09-07T11:05:43.877648] Downloaded app package (2.3M) (STDOUT, STG)#
#2026 09 07 11:06:21.257#Z#DEBUG#ee464cf9-aaab-11f1-a0e6-eeee0a85092e.order-app-db-deployer#flowable-async-job-executor-thread-40263#
[PollExecuteTaskStatusExecution] 722b502e-e9bd-46fe-a37a-54a1ba0bdf43 [2026-09-07T11:05:44.012822] -----> Nodejs Buildpack version 1.9.3 (STDOUT, STG)#
#2026 09 07 11:06:21.257#Z#DEBUG#ee464cf9-aaab-11f1-a0e6-eeee0a85092e.order-app-db-deployer#flowable-async-job-executor-thread-40263#
[PollExecuteTaskStatusExecution] 722b502e-e9bd-46fe-a37a-54a1ba0bdf43 [2026-09-07T11:05:44.204141] -----> Bootstrapping python (STDOUT, STG)#
#2026 09 07 11:06:21.257#Z#DEBUG#ee464cf9-aaab-11f1-a0e6-eeee0a85092e.order-app-db-deployer#flowable-async-job-executor-thread-40263#
[PollExecuteTaskStatusExecution] 722b502e-e9bd-46fe-a37a-54a1ba0bdf43 [2026-09-07T11:05:44.204221] -----> Installing python 3.13.14 (STDOUT, STG)#
#2026 09 07 11:06:21.257#Z#DEBUG#ee464cf9-aaab-11f1-a0e6-eeee0a85092e.order-app-db-deployer#flowable-async-job-executor-thread-40263#
[PollExecuteTaskStatusExecution] 722b502e-e9bd-46fe-a37a-54a1ba0bdf43 [2026-09-07T11:05:44.204280] Copy [/tmp/buildpacks/336fb825d4d72bff/dependencies/4b4266a2ff36730aef37b88b668ca327/python_3.13.14_linux_x64_cflinuxfs4_b80d4954.tgz] (STDOUT, STG)#
#2026 09 07 11:06:21.257#Z#DEBUG#ee464cf9-aaab-11f1-a0e6-eeee0a85092e.order-app-db-deployer#flowable-async-job-executor-thread-40263#
[PollExecuteTaskStatusExecution] 722b502e-e9bd-46fe-a37a-54a1ba0bdf43 [2026-09-07T11:05:49.208641] -----> Installing binaries (STDOUT, STG)#
#2026 09 07 11:06:21.257#Z#DEBUG#ee464cf9-aaab-11f1-a0e6-eeee0a85092e.order-app-db-deployer#flowable-async-job-executor-thread-40263#
[PollExecuteTaskStatusExecution] 722b502e-e9bd-46fe-a37a-54a1ba0bdf43 [2026-09-07T11:05:49.208786] engines.node (package.json): >=18 (STDOUT, STG)#
#2026 09 07 11:06:21.257#Z#DEBUG#ee464cf9-aaab-11f1-a0e6-eeee0a85092e.order-app-db-deployer#flowable-async-job-executor-thread-40263#
[PollExecuteTaskStatusExecution] 722b502e-e9bd-46fe-a37a-54a1ba0bdf43 [2026-09-07T11:05:49.208821] engines.npm (package.json): unspecified (use default) (STDOUT, STG)#
#2026 09 07 11:06:21.257#Z#DEBUG#ee464cf9-aaab-11f1-a0e6-eeee0a85092e.order-app-db-deployer#flowable-async-job-executor-thread-40263#
[PollExecuteTaskStatusExecution] 722b502e-e9bd-46fe-a37a-54a1ba0bdf43 [2026-09-07T11:05:49.208990] [31;1m**WARNING**[0m Dangerous semver range (>) in engines.node. See: http://docs.cloudfoundry.org/buildpacks/node/node-tips.html (STDOUT, STG)#
#2026 09 07 11:06:21.257#Z#DEBUG#ee464cf9-aaab-11f1-a0e6-eeee0a85092e.order-app-db-deployer#flowable-async-job-executor-thread-40263#
[PollExecuteTaskStatusExecution] 722b502e-e9bd-46fe-a37a-54a1ba0bdf43 [2026-09-07T11:05:49.209037] -----> Installing node 24.18.0 (STDOUT, STG)#
#2026 09 07 11:06:21.257#Z#DEBUG#ee464cf9-aaab-11f1-a0e6-eeee0a85092e.order-app-db-deployer#flowable-async-job-executor-thread-40263#
[PollExecuteTaskStatusExecution] 722b502e-e9bd-46fe-a37a-54a1ba0bdf43 [2026-09-07T11:05:49.209315] Copy [/tmp/buildpacks/336fb825d4d72bff/dependencies/dffbbb835fcd073c4544f78eb6247fac/node_24.18.0_linux_x64_cflinuxfs4_cdfed650.tgz] (STDOUT, STG)#
#2026 09 07 11:06:21.257#Z#DEBUG#ee464cf9-aaab-11f1-a0e6-eeee0a85092e.order-app-db-deployer#flowable-async-job-executor-thread-40263#
[PollExecuteTaskStatusExecution] 722b502e-e9bd-46fe-a37a-54a1ba0bdf43 [2026-09-07T11:05:52.044836] Using default npm version: 11.16.0 (STDOUT, STG)#
#2026 09 07 11:06:21.257#Z#DEBUG#ee464cf9-aaab-11f1-a0e6-eeee0a85092e.order-app-db-deployer#flowable-async-job-executor-thread-40263#
[PollExecuteTaskStatusExecution] 722b502e-e9bd-46fe-a37a-54a1ba0bdf43 [2026-09-07T11:05:52.044872] -----> Installing yarn 1.22.22 (STDOUT, STG)#
#2026 09 07 11:06:21.257#Z#DEBUG#ee464cf9-aaab-11f1-a0e6-eeee0a85092e.order-app-db-deployer#flowable-async-job-executor-thread-40263#
[PollExecuteTaskStatusExecution] 722b502e-e9bd-46fe-a37a-54a1ba0bdf43 [2026-09-07T11:05:52.044887] Copy [/tmp/buildpacks/336fb825d4d72bff/dependencies/e4fe26756e9984a665478d350474fa2e/yarn_1.22.22_linux_noarch_any-stack_b6132b86.tgz] (STDOUT, STG)#
#2026 09 07 11:06:21.257#Z#DEBUG#ee464cf9-aaab-11f1-a0e6-eeee0a85092e.order-app-db-deployer#flowable-async-job-executor-thread-40263#
[PollExecuteTaskStatusExecution] 722b502e-e9bd-46fe-a37a-54a1ba0bdf43 [2026-09-07T11:05:52.491053] Installed yarn 1.22.22 (STDOUT, STG)#
#2026 09 07 11:06:21.257#Z#DEBUG#ee464cf9-aaab-11f1-a0e6-eeee0a85092e.order-app-db-deployer#flowable-async-job-executor-thread-40263#
[PollExecuteTaskStatusExecution] 722b502e-e9bd-46fe-a37a-54a1ba0bdf43 [2026-09-07T11:05:52.491089] -----> Creating runtime environment (STDOUT, STG)#
#2026 09 07 11:06:21.257#Z#DEBUG#ee464cf9-aaab-11f1-a0e6-eeee0a85092e.order-app-db-deployer#flowable-async-job-executor-thread-40263#
[PollExecuteTaskStatusExecution] 722b502e-e9bd-46fe-a37a-54a1ba0bdf43 [2026-09-07T11:05:52.492937] NODE_ENV=production (STDOUT, STG)#
#2026 09 07 11:06:21.257#Z#DEBUG#ee464cf9-aaab-11f1-a0e6-eeee0a85092e.order-app-db-deployer#flowable-async-job-executor-thread-40263#
[PollExecuteTaskStatusExecution] 722b502e-e9bd-46fe-a37a-54a1ba0bdf43 [2026-09-07T11:05:52.492962] NODE_HOME=/tmp/contents2860661622/deps/0/node (STDOUT, STG)#
#2026 09 07 11:06:21.257#Z#DEBUG#ee464cf9-aaab-11f1-a0e6-eeee0a85092e.order-app-db-deployer#flowable-async-job-executor-thread-40263#
[PollExecuteTaskStatusExecution] 722b502e-e9bd-46fe-a37a-54a1ba0bdf43 [2026-09-07T11:05:52.492965] NODE_MODULES_CACHE=true (STDOUT, STG)#
#2026 09 07 11:06:21.257#Z#DEBUG#ee464cf9-aaab-11f1-a0e6-eeee0a85092e.order-app-db-deployer#flowable-async-job-executor-thread-40263#
[PollExecuteTaskStatusExecution] 722b502e-e9bd-46fe-a37a-54a1ba0bdf43 [2026-09-07T11:05:52.492968] NODE_VERBOSE=false (STDOUT, STG)#
#2026 09 07 11:06:21.257#Z#DEBUG#ee464cf9-aaab-11f1-a0e6-eeee0a85092e.order-app-db-deployer#flowable-async-job-executor-thread-40263#
[PollExecuteTaskStatusExecution] 722b502e-e9bd-46fe-a37a-54a1ba0bdf43 [2026-09-07T11:05:52.492970] NPM_CONFIG_LOGLEVEL=error (STDOUT, STG)#
#2026 09 07 11:06:21.257#Z#DEBUG#ee464cf9-aaab-11f1-a0e6-eeee0a85092e.order-app-db-deployer#flowable-async-job-executor-thread-40263#
[PollExecuteTaskStatusExecution] 722b502e-e9bd-46fe-a37a-54a1ba0bdf43 [2026-09-07T11:05:52.492980] NPM_CONFIG_PRODUCTION=true (STDOUT, STG)#
#2026 09 07 11:06:21.257#Z#DEBUG#ee464cf9-aaab-11f1-a0e6-eeee0a85092e.order-app-db-deployer#flowable-async-job-executor-thread-40263#
[PollExecuteTaskStatusExecution] 722b502e-e9bd-46fe-a37a-54a1ba0bdf43 [2026-09-07T11:05:52.492996] -----> Building dependencies (STDOUT, STG)#
#2026 09 07 11:06:21.257#Z#DEBUG#ee464cf9-aaab-11f1-a0e6-eeee0a85092e.order-app-db-deployer#flowable-async-job-executor-thread-40263#
[PollExecuteTaskStatusExecution] 722b502e-e9bd-46fe-a37a-54a1ba0bdf43 [2026-09-07T11:05:52.492998] Prebuild detected (node_modules already exists) (STDOUT, STG)#
#2026 09 07 11:06:21.257#Z#DEBUG#ee464cf9-aaab-11f1-a0e6-eeee0a85092e.order-app-db-deployer#flowable-async-job-executor-thread-40263#
[PollExecuteTaskStatusExecution] 722b502e-e9bd-46fe-a37a-54a1ba0bdf43 [2026-09-07T11:05:52.493037] Rebuilding any native modules (STDOUT, STG)#
#2026 09 07 11:06:21.257#Z#DEBUG#ee464cf9-aaab-11f1-a0e6-eeee0a85092e.order-app-db-deployer#flowable-async-job-executor-thread-40263#
[PollExecuteTaskStatusExecution] 722b502e-e9bd-46fe-a37a-54a1ba0bdf43 [2026-09-07T11:05:53.304300] rebuilt dependencies successfully (STDOUT, STG)#
#2026 09 07 11:06:21.257#Z#DEBUG#ee464cf9-aaab-11f1-a0e6-eeee0a85092e.order-app-db-deployer#flowable-async-job-executor-thread-40263#
[PollExecuteTaskStatusExecution] 722b502e-e9bd-46fe-a37a-54a1ba0bdf43 [2026-09-07T11:05:53.306975] npm notice (STDOUT, STG)#
#2026 09 07 11:06:21.257#Z#DEBUG#ee464cf9-aaab-11f1-a0e6-eeee0a85092e.order-app-db-deployer#flowable-async-job-executor-thread-40263#
[PollExecuteTaskStatusExecution] 722b502e-e9bd-46fe-a37a-54a1ba0bdf43 [2026-09-07T11:05:53.307001] npm notice New major version of npm available! 11.16.0 -> 12.0.2 (STDOUT, STG)#
#2026 09 07 11:06:21.257#Z#DEBUG#ee464cf9-aaab-11f1-a0e6-eeee0a85092e.order-app-db-deployer#flowable-async-job-executor-thread-40263#
[PollExecuteTaskStatusExecution] 722b502e-e9bd-46fe-a37a-54a1ba0bdf43 [2026-09-07T11:05:53.307007] npm notice Changelog: https://github.com/npm/cli/releases/tag/v12.0.2 (STDOUT, STG)#
#2026 09 07 11:06:21.257#Z#DEBUG#ee464cf9-aaab-11f1-a0e6-eeee0a85092e.order-app-db-deployer#flowable-async-job-executor-thread-40263#
[PollExecuteTaskStatusExecution] 722b502e-e9bd-46fe-a37a-54a1ba0bdf43 [2026-09-07T11:05:53.307009] npm notice To update run: npm install -g npm@12.0.2 (STDOUT, STG)#
#2026 09 07 11:06:21.257#Z#DEBUG#ee464cf9-aaab-11f1-a0e6-eeee0a85092e.order-app-db-deployer#flowable-async-job-executor-thread-40263#
[PollExecuteTaskStatusExecution] 722b502e-e9bd-46fe-a37a-54a1ba0bdf43 [2026-09-07T11:05:53.307012] npm notice (STDOUT, STG)#
#2026 09 07 11:06:21.257#Z#DEBUG#ee464cf9-aaab-11f1-a0e6-eeee0a85092e.order-app-db-deployer#flowable-async-job-executor-thread-40263#
[PollExecuteTaskStatusExecution] 722b502e-e9bd-46fe-a37a-54a1ba0bdf43 [2026-09-07T11:05:53.377722] Installing any new modules (package.json + package-lock.json) (STDOUT, STG)#
#2026 09 07 11:06:21.257#Z#DEBUG#ee464cf9-aaab-11f1-a0e6-eeee0a85092e.order-app-db-deployer#flowable-async-job-executor-thread-40263#
[PollExecuteTaskStatusExecution] 722b502e-e9bd-46fe-a37a-54a1ba0bdf43 [2026-09-07T11:05:54.016949] up to date in 522ms (STDOUT, STG)#
#2026 09 07 11:06:21.257#Z#DEBUG#ee464cf9-aaab-11f1-a0e6-eeee0a85092e.order-app-db-deployer#flowable-async-job-executor-thread-40263#
[PollExecuteTaskStatusExecution] 722b502e-e9bd-46fe-a37a-54a1ba0bdf43 [2026-09-07T11:05:54.017193] 4 packages are looking for funding (STDOUT, STG)#
#2026 09 07 11:06:21.257#Z#DEBUG#ee464cf9-aaab-11f1-a0e6-eeee0a85092e.order-app-db-deployer#flowable-async-job-executor-thread-40263#
[PollExecuteTaskStatusExecution] 722b502e-e9bd-46fe-a37a-54a1ba0bdf43 [2026-09-07T11:05:54.017254] run `npm fund` for details (STDOUT, STG)#
#2026 09 07 11:06:21.257#Z#DEBUG#ee464cf9-aaab-11f1-a0e6-eeee0a85092e.order-app-db-deployer#flowable-async-job-executor-thread-40263#
[PollExecuteTaskStatusExecution] 722b502e-e9bd-46fe-a37a-54a1ba0bdf43 [2026-09-07T11:05:54.856852] Contrast Security no credentials found. Will not write environment files. (STDOUT, STG)#
#2026 09 07 11:06:21.257#Z#DEBUG#ee464cf9-aaab-11f1-a0e6-eeee0a85092e.order-app-db-deployer#flowable-async-job-executor-thread-40263#
[PollExecuteTaskStatusExecution] 722b502e-e9bd-46fe-a37a-54a1ba0bdf43 [2026-09-07T11:06:05.410088] Exit status 0 (STDOUT, STG)#
#2026 09 07 11:06:21.257#Z#DEBUG#ee464cf9-aaab-11f1-a0e6-eeee0a85092e.order-app-db-deployer#flowable-async-job-executor-thread-40263#
[PollExecuteTaskStatusExecution] 722b502e-e9bd-46fe-a37a-54a1ba0bdf43 [2026-09-07T11:06:05.410148] Uploading droplet, build artifacts cache... (STDOUT, STG)#
#2026 09 07 11:06:21.257#Z#DEBUG#ee464cf9-aaab-11f1-a0e6-eeee0a85092e.order-app-db-deployer#flowable-async-job-executor-thread-40263#
[PollExecuteTaskStatusExecution] 722b502e-e9bd-46fe-a37a-54a1ba0bdf43 [2026-09-07T11:06:05.410195] Uploading droplet... (STDOUT, STG)#
#2026 09 07 11:06:21.257#Z#DEBUG#ee464cf9-aaab-11f1-a0e6-eeee0a85092e.order-app-db-deployer#flowable-async-job-executor-thread-40263#
[PollExecuteTaskStatusExecution] 722b502e-e9bd-46fe-a37a-54a1ba0bdf43 [2026-09-07T11:06:05.410545] Uploading build artifacts cache... (STDOUT, STG)#
#2026 09 07 11:06:21.257#Z#DEBUG#ee464cf9-aaab-11f1-a0e6-eeee0a85092e.order-app-db-deployer#flowable-async-job-executor-thread-40263#
[PollExecuteTaskStatusExecution] 722b502e-e9bd-46fe-a37a-54a1ba0bdf43 [2026-09-07T11:06:05.454266] Uploaded build artifacts cache (216B) (STDOUT, STG)#
#2026 09 07 11:06:21.257#Z#DEBUG#ee464cf9-aaab-11f1-a0e6-eeee0a85092e.order-app-db-deployer#flowable-async-job-executor-thread-40263#
[PollExecuteTaskStatusExecution] 722b502e-e9bd-46fe-a37a-54a1ba0bdf43 [2026-09-07T11:06:06.144669] Creating droplet for app with guid 722b502e-e9bd-46fe-a37a-54a1ba0bdf43 (STDOUT, API)#
#2026 09 07 11:06:21.257#Z#DEBUG#ee464cf9-aaab-11f1-a0e6-eeee0a85092e.order-app-db-deployer#flowable-async-job-executor-thread-40263#
[PollExecuteTaskStatusExecution] 722b502e-e9bd-46fe-a37a-54a1ba0bdf43 [2026-09-07T11:06:07.224813] Uploaded droplet (59.2M) (STDOUT, STG)#
#2026 09 07 11:06:21.257#Z#DEBUG#ee464cf9-aaab-11f1-a0e6-eeee0a85092e.order-app-db-deployer#flowable-async-job-executor-thread-40263#
[PollExecuteTaskStatusExecution] 722b502e-e9bd-46fe-a37a-54a1ba0bdf43 [2026-09-07T11:06:07.247498] Uploading complete (STDOUT, STG)#
#2026 09 07 11:06:21.257#Z#DEBUG#ee464cf9-aaab-11f1-a0e6-eeee0a85092e.order-app-db-deployer#flowable-async-job-executor-thread-40263#
[PollExecuteTaskStatusExecution] 722b502e-e9bd-46fe-a37a-54a1ba0bdf43 [2026-09-07T11:06:08.383890] Cell 684caff8-89cd-492b-be01-b3d0835f1763 stopping instance 8e1d5d82-6cdd-41d7-8343-7da54150c656 (STDOUT, STG)#
#2026 09 07 11:06:21.257#Z#DEBUG#ee464cf9-aaab-11f1-a0e6-eeee0a85092e.order-app-db-deployer#flowable-async-job-executor-thread-40263#
[PollExecuteTaskStatusExecution] 722b502e-e9bd-46fe-a37a-54a1ba0bdf43 [2026-09-07T11:06:08.383932] Cell 684caff8-89cd-492b-be01-b3d0835f1763 destroying container for instance 8e1d5d82-6cdd-41d7-8343-7da54150c656 (STDOUT, STG)#
#2026 09 07 11:06:21.257#Z#DEBUG#ee464cf9-aaab-11f1-a0e6-eeee0a85092e.order-app-db-deployer#flowable-async-job-executor-thread-40263#
[PollExecuteTaskStatusExecution] 722b502e-e9bd-46fe-a37a-54a1ba0bdf43 [2026-09-07T11:06:08.435639] Staging complete for build 8e1d5d82-6cdd-41d7-8343-7da54150c656 (STDOUT, API)#
#2026 09 07 11:06:21.257#Z#DEBUG#ee464cf9-aaab-11f1-a0e6-eeee0a85092e.order-app-db-deployer#flowable-async-job-executor-thread-40263#
[PollExecuteTaskStatusExecution] 722b502e-e9bd-46fe-a37a-54a1ba0bdf43 [2026-09-07T11:06:11.330799] Updated app with guid 722b502e-e9bd-46fe-a37a-54a1ba0bdf43 ({:droplet_guid=>"83b659d3-6c55-4ef1-ae4a-66a1502324d4"}) (STDOUT, API)#
#2026 09 07 11:06:21.257#Z#DEBUG#ee464cf9-aaab-11f1-a0e6-eeee0a85092e.order-app-db-deployer#flowable-async-job-executor-thread-40263#
[PollExecuteTaskStatusExecution] 722b502e-e9bd-46fe-a37a-54a1ba0bdf43 [2026-09-07T11:06:11.831363] Cell d1cc041a-d5a1-41d6-b9f6-6cda736ce3f0 creating container for instance a14c6ae9-96a8-4360-b29c-e2aa3751af18 (STDOUT, CELL)#
#2026 09 07 11:06:21.257#Z#DEBUG#ee464cf9-aaab-11f1-a0e6-eeee0a85092e.order-app-db-deployer#flowable-async-job-executor-thread-40263#
[PollExecuteTaskStatusExecution] 722b502e-e9bd-46fe-a37a-54a1ba0bdf43 [2026-09-07T11:06:12.605376] Security group rules were updated (STDOUT, CELL)#
#2026 09 07 11:06:21.257#Z#DEBUG#ee464cf9-aaab-11f1-a0e6-eeee0a85092e.order-app-db-deployer#flowable-async-job-executor-thread-40263#
[PollExecuteTaskStatusExecution] 722b502e-e9bd-46fe-a37a-54a1ba0bdf43 [2026-09-07T11:06:12.653353] Cell 684caff8-89cd-492b-be01-b3d0835f1763 successfully destroyed container for instance 8e1d5d82-6cdd-41d7-8343-7da54150c656 (STDOUT, STG)#
#2026 09 07 11:06:21.257#Z#DEBUG#ee464cf9-aaab-11f1-a0e6-eeee0a85092e.order-app-db-deployer#flowable-async-job-executor-thread-40263#
[PollExecuteTaskStatusExecution] 722b502e-e9bd-46fe-a37a-54a1ba0bdf43 [2026-09-07T11:06:12.706276] Cell d1cc041a-d5a1-41d6-b9f6-6cda736ce3f0 successfully created container for instance a14c6ae9-96a8-4360-b29c-e2aa3751af18 (STDOUT, CELL)#
#2026 09 07 11:06:21.257#Z#DEBUG#ee464cf9-aaab-11f1-a0e6-eeee0a85092e.order-app-db-deployer#flowable-async-job-executor-thread-40263#
[PollExecuteTaskStatusExecution] 722b502e-e9bd-46fe-a37a-54a1ba0bdf43 [2026-09-07T11:06:16.628784] Invoking pre-start scripts. (STDOUT, APP/TASK/deploy)#
#2026 09 07 11:06:21.257#Z#DEBUG#ee464cf9-aaab-11f1-a0e6-eeee0a85092e.order-app-db-deployer#flowable-async-job-executor-thread-40263#
[PollExecuteTaskStatusExecution] 722b502e-e9bd-46fe-a37a-54a1ba0bdf43 [2026-09-07T11:06:16.849358] Invoking start command. (STDOUT, APP/TASK/deploy)#
#2026 09 07 11:06:21.257#Z#DEBUG#ee464cf9-aaab-11f1-a0e6-eeee0a85092e.order-app-db-deployer#flowable-async-job-executor-thread-40263#
[PollExecuteTaskStatusExecution] 722b502e-e9bd-46fe-a37a-54a1ba0bdf43 [2026-09-07T11:06:17.316246] > start (STDOUT, APP/TASK/deploy)#
#2026 09 07 11:06:21.257#Z#DEBUG#ee464cf9-aaab-11f1-a0e6-eeee0a85092e.order-app-db-deployer#flowable-async-job-executor-thread-40263#
[PollExecuteTaskStatusExecution] 722b502e-e9bd-46fe-a37a-54a1ba0bdf43 [2026-09-07T11:06:17.316279] > node node_modules/@sap/hdi-deploy/deploy.js --use-hdb --parameter com.sap.hana.di.table/try_fast_table_migration=true (STDOUT, APP/TASK/deploy)#
#2026 09 07 11:06:21.257#Z#DEBUG#ee464cf9-aaab-11f1-a0e6-eeee0a85092e.order-app-db-deployer#flowable-async-job-executor-thread-40263#
[PollExecuteTaskStatusExecution] 722b502e-e9bd-46fe-a37a-54a1ba0bdf43 [2026-09-07T11:06:17.460665] VCAP_SERVICES: (STDOUT, APP/TASK/deploy)#
#2026 09 07 11:06:21.257#Z#DEBUG#ee464cf9-aaab-11f1-a0e6-eeee0a85092e.order-app-db-deployer#flowable-async-job-executor-thread-40263#
[PollExecuteTaskStatusExecution] 722b502e-e9bd-46fe-a37a-54a1ba0bdf43 [2026-09-07T11:06:17.461380] { (STDOUT, APP/TASK/deploy)#
#2026 09 07 11:06:21.257#Z#DEBUG#ee464cf9-aaab-11f1-a0e6-eeee0a85092e.order-app-db-deployer#flowable-async-job-executor-thread-40263#
[PollExecuteTaskStatusExecution] 722b502e-e9bd-46fe-a37a-54a1ba0bdf43 [2026-09-07T11:06:17.461398] "hana": [ (STDOUT, APP/TASK/deploy)#
#2026 09 07 11:06:21.257#Z#DEBUG#ee464cf9-aaab-11f1-a0e6-eeee0a85092e.order-app-db-deployer#flowable-async-job-executor-thread-40263#
[PollExecuteTaskStatusExecution] 722b502e-e9bd-46fe-a37a-54a1ba0bdf43 [2026-09-07T11:06:17.461411] { (STDOUT, APP/TASK/deploy)#
#2026 09 07 11:06:21.257#Z#DEBUG#ee464cf9-aaab-11f1-a0e6-eeee0a85092e.order-app-db-deployer#flowable-async-job-executor-thread-40263#
[PollExecuteTaskStatusExecution] 722b502e-e9bd-46fe-a37a-54a1ba0bdf43 [2026-09-07T11:06:17.461419] "name": "order-app-db", (STDOUT, APP/TASK/deploy)#
#2026 09 07 11:06:21.257#Z#DEBUG#ee464cf9-aaab-11f1-a0e6-eeee0a85092e.order-app-db-deployer#flowable-async-job-executor-thread-40263#
[PollExecuteTaskStatusExecution] 722b502e-e9bd-46fe-a37a-54a1ba0bdf43 [2026-09-07T11:06:17.461422] "label": "hana", (STDOUT, APP/TASK/deploy)#
#2026 09 07 11:06:21.257#Z#DEBUG#ee464cf9-aaab-11f1-a0e6-eeee0a85092e.order-app-db-deployer#flowable-async-job-executor-thread-40263#
[PollExecuteTaskStatusExecution] 722b502e-e9bd-46fe-a37a-54a1ba0bdf43 [2026-09-07T11:06:17.461424] "plan": "hdi-shared", (STDOUT, APP/TASK/deploy)#
#2026 09 07 11:06:21.257#Z#DEBUG#ee464cf9-aaab-11f1-a0e6-eeee0a85092e.order-app-db-deployer#flowable-async-job-executor-thread-40263#
[PollExecuteTaskStatusExecution] 722b502e-e9bd-46fe-a37a-54a1ba0bdf43 [2026-09-07T11:06:17.461426] "credentials": { (STDOUT, APP/TASK/deploy)#
#2026 09 07 11:06:21.257#Z#DEBUG#ee464cf9-aaab-11f1-a0e6-eeee0a85092e.order-app-db-deployer#flowable-async-job-executor-thread-40263#
[PollExecuteTaskStatusExecution] 722b502e-e9bd-46fe-a37a-54a1ba0bdf43 [2026-09-07T11:06:17.461430] "schema": "75964680DA0B4C82840C1BA9494A874F", (STDOUT, APP/TASK/deploy)#
#2026 09 07 11:06:21.257#Z#DEBUG#ee464cf9-aaab-11f1-a0e6-eeee0a85092e.order-app-db-deployer#flowable-async-job-executor-thread-40263#
[PollExecuteTaskStatusExecution] 722b502e-e9bd-46fe-a37a-54a1ba0bdf43 [2026-09-07T11:06:17.461433] "database_id": "26160d64-6f37-4efa-b584-ec2ead369fa1", (STDOUT, APP/TASK/deploy)#
#2026 09 07 11:06:21.257#Z#DEBUG#ee464cf9-aaab-11f1-a0e6-eeee0a85092e.order-app-db-deployer#flowable-async-job-executor-thread-40263#
[PollExecuteTaskStatusExecution] 722b502e-e9bd-46fe-a37a-54a1ba0bdf43 [2026-09-07T11:06:17.461437] "user": "75964680DA0B4C82840C1BA9494A874F_7T3B6HY9TQA8MSO38X5YA9Q3U_RT", (STDOUT, APP/TASK/deploy)#
#2026 09 07 11:06:21.257#Z#DEBUG#ee464cf9-aaab-11f1-a0e6-eeee0a85092e.order-app-db-deployer#flowable-async-job-executor-thread-40263#
[PollExecuteTaskStatusExecution] 722b502e-e9bd-46fe-a37a-54a1ba0bdf43 [2026-09-07T11:06:17.461440] "hdi_user": "75964680DA0B4C82840C1BA9494A874F_7T3B6HY9TQA8MSO38X5YA9Q3U_DT" (STDOUT, APP/TASK/deploy)#
#2026 09 07 11:06:21.257#Z#DEBUG#ee464cf9-aaab-11f1-a0e6-eeee0a85092e.order-app-db-deployer#flowable-async-job-executor-thread-40263#
[PollExecuteTaskStatusExecution] 722b502e-e9bd-46fe-a37a-54a1ba0bdf43 [2026-09-07T11:06:17.461445] }, (STDOUT, APP/TASK/deploy)#
#2026 09 07 11:06:21.257#Z#DEBUG#ee464cf9-aaab-11f1-a0e6-eeee0a85092e.order-app-db-deployer#flowable-async-job-executor-thread-40263#
[PollExecuteTaskStatusExecution] 722b502e-e9bd-46fe-a37a-54a1ba0bdf43 [2026-09-07T11:06:17.461448] "tags": [ (STDOUT, APP/TASK/deploy)#
#2026 09 07 11:06:21.257#Z#DEBUG#ee464cf9-aaab-11f1-a0e6-eeee0a85092e.order-app-db-deployer#flowable-async-job-executor-thread-40263#
[PollExecuteTaskStatusExecution] 722b502e-e9bd-46fe-a37a-54a1ba0bdf43 [2026-09-07T11:06:17.461450] "hana", (STDOUT, APP/TASK/deploy)#
#2026 09 07 11:06:21.257#Z#DEBUG#ee464cf9-aaab-11f1-a0e6-eeee0a85092e.order-app-db-deployer#flowable-async-job-executor-thread-40263#
[PollExecuteTaskStatusExecution] 722b502e-e9bd-46fe-a37a-54a1ba0bdf43 [2026-09-07T11:06:17.461452] "database", (STDOUT, APP/TASK/deploy)#
#2026 09 07 11:06:21.257#Z#DEBUG#ee464cf9-aaab-11f1-a0e6-eeee0a85092e.order-app-db-deployer#flowable-async-job-executor-thread-40263#
[PollExecuteTaskStatusExecution] 722b502e-e9bd-46fe-a37a-54a1ba0bdf43 [2026-09-07T11:06:17.461456] "relational" (STDOUT, APP/TASK/deploy)#
#2026 09 07 11:06:21.257#Z#DEBUG#ee464cf9-aaab-11f1-a0e6-eeee0a85092e.order-app-db-deployer#flowable-async-job-executor-thread-40263#
[PollExecuteTaskStatusExecution] 722b502e-e9bd-46fe-a37a-54a1ba0bdf43 [2026-09-07T11:06:17.461458] ] (STDOUT, APP/TASK/deploy)#
#2026 09 07 11:06:21.257#Z#DEBUG#ee464cf9-aaab-11f1-a0e6-eeee0a85092e.order-app-db-deployer#flowable-async-job-executor-thread-40263#
[PollExecuteTaskStatusExecution] 722b502e-e9bd-46fe-a37a-54a1ba0bdf43 [2026-09-07T11:06:17.461460] } (STDOUT, APP/TASK/deploy)#
#2026 09 07 11:06:21.257#Z#DEBUG#ee464cf9-aaab-11f1-a0e6-eeee0a85092e.order-app-db-deployer#flowable-async-job-executor-thread-40263#
[PollExecuteTaskStatusExecution] 722b502e-e9bd-46fe-a37a-54a1ba0bdf43 [2026-09-07T11:06:17.461462] ] (STDOUT, APP/TASK/deploy)#
#2026 09 07 11:06:21.257#Z#DEBUG#ee464cf9-aaab-11f1-a0e6-eeee0a85092e.order-app-db-deployer#flowable-async-job-executor-thread-40263#
[PollExecuteTaskStatusExecution] 722b502e-e9bd-46fe-a37a-54a1ba0bdf43 [2026-09-07T11:06:17.461469] } (STDOUT, APP/TASK/deploy)#
#2026 09 07 11:06:21.257#Z#DEBUG#ee464cf9-aaab-11f1-a0e6-eeee0a85092e.order-app-db-deployer#flowable-async-job-executor-thread-40263#
[PollExecuteTaskStatusExecution] 722b502e-e9bd-46fe-a37a-54a1ba0bdf43 [2026-09-07T11:06:17.955796] @sap/hdi-deploy, version 5.7.0 (mode default), server version 4.00.000.00.1787658717 (4.0.0.0), cloud version 2026.14.17, node version 24.18.0, HDI version 1016, container API version 1007 (STDOUT, APP/TASK/deploy)#
#2026 09 07 11:06:21.257#Z#DEBUG#ee464cf9-aaab-11f1-a0e6-eeee0a85092e.order-app-db-deployer#flowable-async-job-executor-thread-40263#
[PollExecuteTaskStatusExecution] 722b502e-e9bd-46fe-a37a-54a1ba0bdf43 [2026-09-07T11:06:17.955843] Deployment started at 2026-09-07 11:06:17 (STDOUT, APP/TASK/deploy)#
#2026 09 07 11:06:21.257#Z#DEBUG#ee464cf9-aaab-11f1-a0e6-eeee0a85092e.order-app-db-deployer#flowable-async-job-executor-thread-40263#
[PollExecuteTaskStatusExecution] 722b502e-e9bd-46fe-a37a-54a1ba0bdf43 [2026-09-07T11:06:17.956133] Using hdb@2.29.6 for connection (STDOUT, APP/TASK/deploy)#
#2026 09 07 11:06:21.257#Z#DEBUG#ee464cf9-aaab-11f1-a0e6-eeee0a85092e.order-app-db-deployer#flowable-async-job-executor-thread-40263#
[PollExecuteTaskStatusExecution] 722b502e-e9bd-46fe-a37a-54a1ba0bdf43 [2026-09-07T11:06:17.974350] No ignore file at /home/vcap/app/.hdiignore. (STDOUT, APP/TASK/deploy)#
#2026 09 07 11:06:21.257#Z#DEBUG#ee464cf9-aaab-11f1-a0e6-eeee0a85092e.order-app-db-deployer#flowable-async-job-executor-thread-40263#
[PollExecuteTaskStatusExecution] 722b502e-e9bd-46fe-a37a-54a1ba0bdf43 [2026-09-07T11:06:17.974600] Collecting files... (STDOUT, APP/TASK/deploy)#
#2026 09 07 11:06:21.257#Z#DEBUG#ee464cf9-aaab-11f1-a0e6-eeee0a85092e.order-app-db-deployer#flowable-async-job-executor-thread-40263#
[PollExecuteTaskStatusExecution] 722b502e-e9bd-46fe-a37a-54a1ba0bdf43 [2026-09-07T11:06:17.977524] Collecting files... ok (0s 3ms) (STDOUT, APP/TASK/deploy)#
#2026 09 07 11:06:21.257#Z#DEBUG#ee464cf9-aaab-11f1-a0e6-eeee0a85092e.order-app-db-deployer#flowable-async-job-executor-thread-40263#
[PollExecuteTaskStatusExecution] 722b502e-e9bd-46fe-a37a-54a1ba0bdf43 [2026-09-07T11:06:17.977550] 3 directories collected (STDOUT, APP/TASK/deploy)#
#2026 09 07 11:06:21.257#Z#DEBUG#ee464cf9-aaab-11f1-a0e6-eeee0a85092e.order-app-db-deployer#flowable-async-job-executor-thread-40263#
[PollExecuteTaskStatusExecution] 722b502e-e9bd-46fe-a37a-54a1ba0bdf43 [2026-09-07T11:06:17.977613] 7 files collected (STDOUT, APP/TASK/deploy)#
#2026 09 07 11:06:21.257#Z#DEBUG#ee464cf9-aaab-11f1-a0e6-eeee0a85092e.order-app-db-deployer#flowable-async-job-executor-thread-40263#
[PollExecuteTaskStatusExecution] 722b502e-e9bd-46fe-a37a-54a1ba0bdf43 [2026-09-07T11:06:17.977632] 0 reusable modules collected (STDOUT, APP/TASK/deploy)#
#2026 09 07 11:06:21.257#Z#DEBUG#ee464cf9-aaab-11f1-a0e6-eeee0a85092e.order-app-db-deployer#flowable-async-job-executor-thread-40263#
[PollExecuteTaskStatusExecution] 722b502e-e9bd-46fe-a37a-54a1ba0bdf43 [2026-09-07T11:06:17.977819] Target service: order-app-db (STDOUT, APP/TASK/deploy)#
#2026 09 07 11:06:21.257#Z#DEBUG#ee464cf9-aaab-11f1-a0e6-eeee0a85092e.order-app-db-deployer#flowable-async-job-executor-thread-40263#
[PollExecuteTaskStatusExecution] 722b502e-e9bd-46fe-a37a-54a1ba0bdf43 [2026-09-07T11:06:18.203498] Could not determine status of last build: Could not find any information about the previous deployment. (STDOUT, APP/TASK/deploy)#
#2026 09 07 11:06:21.257#Z#DEBUG#ee464cf9-aaab-11f1-a0e6-eeee0a85092e.order-app-db-deployer#flowable-async-job-executor-thread-40263#
[PollExecuteTaskStatusExecution] 722b502e-e9bd-46fe-a37a-54a1ba0bdf43 [2026-09-07T11:06:18.203553] Processing revoke files... (STDOUT, APP/TASK/deploy)#
#2026 09 07 11:06:21.257#Z#DEBUG#ee464cf9-aaab-11f1-a0e6-eeee0a85092e.order-app-db-deployer#flowable-async-job-executor-thread-40263#
[PollExecuteTaskStatusExecution] 722b502e-e9bd-46fe-a37a-54a1ba0bdf43 [2026-09-07T11:06:18.203635] Processing revoke files... ok (0s 0ms) (STDOUT, APP/TASK/deploy)#
#2026 09 07 11:06:21.257#Z#DEBUG#ee464cf9-aaab-11f1-a0e6-eeee0a85092e.order-app-db-deployer#flowable-async-job-executor-thread-40263#
[PollExecuteTaskStatusExecution] 722b502e-e9bd-46fe-a37a-54a1ba0bdf43 [2026-09-07T11:06:18.203785] Processing grants files... (STDOUT, APP/TASK/deploy)#
#2026 09 07 11:06:21.257#Z#DEBUG#ee464cf9-aaab-11f1-a0e6-eeee0a85092e.order-app-db-deployer#flowable-async-job-executor-thread-40263#
[PollExecuteTaskStatusExecution] 722b502e-e9bd-46fe-a37a-54a1ba0bdf43 [2026-09-07T11:06:18.203864] Processing grants files... ok (0s 0ms) (STDOUT, APP/TASK/deploy)#
#2026 09 07 11:06:21.257#Z#DEBUG#ee464cf9-aaab-11f1-a0e6-eeee0a85092e.order-app-db-deployer#flowable-async-job-executor-thread-40263#
[PollExecuteTaskStatusExecution] 722b502e-e9bd-46fe-a37a-54a1ba0bdf43 [2026-09-07T11:06:18.206499] Preprocessing files... (STDOUT, APP/TASK/deploy)#
#2026 09 07 11:06:21.257#Z#DEBUG#ee464cf9-aaab-11f1-a0e6-eeee0a85092e.order-app-db-deployer#flowable-async-job-executor-thread-40263#
[PollExecuteTaskStatusExecution] 722b502e-e9bd-46fe-a37a-54a1ba0bdf43 [2026-09-07T11:06:18.206699] Preprocessing files... ok (0s 0ms) (STDOUT, APP/TASK/deploy)#
#2026 09 07 11:06:21.257#Z#DEBUG#ee464cf9-aaab-11f1-a0e6-eeee0a85092e.order-app-db-deployer#flowable-async-job-executor-thread-40263#
[PollExecuteTaskStatusExecution] 722b502e-e9bd-46fe-a37a-54a1ba0bdf43 [2026-09-07T11:06:18.206775] Connecting to the container "75964680DA0B4C82840C1BA9494A874F"... (STDOUT, APP/TASK/deploy)#
#2026 09 07 11:06:21.257#Z#DEBUG#ee464cf9-aaab-11f1-a0e6-eeee0a85092e.order-app-db-deployer#flowable-async-job-executor-thread-40263#
[PollExecuteTaskStatusExecution] 722b502e-e9bd-46fe-a37a-54a1ba0bdf43 [2026-09-07T11:06:18.287223] Connecting to the container "75964680DA0B4C82840C1BA9494A874F"... ok (0s 80ms) (STDOUT, APP/TASK/deploy)#
#2026 09 07 11:06:21.257#Z#DEBUG#ee464cf9-aaab-11f1-a0e6-eeee0a85092e.order-app-db-deployer#flowable-async-job-executor-thread-40263#
[PollExecuteTaskStatusExecution] 722b502e-e9bd-46fe-a37a-54a1ba0bdf43 [2026-09-07T11:06:18.287253] Locking the container "75964680DA0B4C82840C1BA9494A874F"... (STDOUT, APP/TASK/deploy)#
#2026 09 07 11:06:21.257#Z#DEBUG#ee464cf9-aaab-11f1-a0e6-eeee0a85092e.order-app-db-deployer#flowable-async-job-executor-thread-40263#
[PollExecuteTaskStatusExecution] 722b502e-e9bd-46fe-a37a-54a1ba0bdf43 [2026-09-07T11:06:18.535763] Locking the container "75964680DA0B4C82840C1BA9494A874F"... ok (0s 248ms) (STDOUT, APP/TASK/deploy)#
#2026 09 07 11:06:21.257#Z#DEBUG#ee464cf9-aaab-11f1-a0e6-eeee0a85092e.order-app-db-deployer#flowable-async-job-executor-thread-40263#
[PollExecuteTaskStatusExecution] 722b502e-e9bd-46fe-a37a-54a1ba0bdf43 [2026-09-07T11:06:18.535937] Synchronizing files with the container "75964680DA0B4C82840C1BA9494A874F"... (STDOUT, APP/TASK/deploy)#
#2026 09 07 11:06:21.257#Z#DEBUG#ee464cf9-aaab-11f1-a0e6-eeee0a85092e.order-app-db-deployer#flowable-async-job-executor-thread-40263#
[PollExecuteTaskStatusExecution] 722b502e-e9bd-46fe-a37a-54a1ba0bdf43 [2026-09-07T11:06:18.915651] Deleting files... (STDOUT, APP/TASK/deploy)#
#2026 09 07 11:06:21.257#Z#DEBUG#ee464cf9-aaab-11f1-a0e6-eeee0a85092e.order-app-db-deployer#flowable-async-job-executor-thread-40263#
[PollExecuteTaskStatusExecution] 722b502e-e9bd-46fe-a37a-54a1ba0bdf43 [2026-09-07T11:06:19.146287] Deleting files... ok (STDOUT, APP/TASK/deploy)#
#2026 09 07 11:06:21.257#Z#DEBUG#ee464cf9-aaab-11f1-a0e6-eeee0a85092e.order-app-db-deployer#flowable-async-job-executor-thread-40263#
[PollExecuteTaskStatusExecution] 722b502e-e9bd-46fe-a37a-54a1ba0bdf43 [2026-09-07T11:06:19.146384] Writing files... (STDOUT, APP/TASK/deploy)#
#2026 09 07 11:06:21.257#Z#DEBUG#ee464cf9-aaab-11f1-a0e6-eeee0a85092e.order-app-db-deployer#flowable-async-job-executor-thread-40263#
[PollExecuteTaskStatusExecution] 722b502e-e9bd-46fe-a37a-54a1ba0bdf43 [2026-09-07T11:06:19.146611] Writing 10 items (STDOUT, APP/TASK/deploy)#
#2026 09 07 11:06:21.257#Z#DEBUG#ee464cf9-aaab-11f1-a0e6-eeee0a85092e.order-app-db-deployer#flowable-async-job-executor-thread-40263#
[PollExecuteTaskStatusExecution] 722b502e-e9bd-46fe-a37a-54a1ba0bdf43 [2026-09-07T11:06:19.613809] Writing files... ok (STDOUT, APP/TASK/deploy)#
#2026 09 07 11:06:21.257#Z#DEBUG#ee464cf9-aaab-11f1-a0e6-eeee0a85092e.order-app-db-deployer#flowable-async-job-executor-thread-40263#
[PollExecuteTaskStatusExecution] 722b502e-e9bd-46fe-a37a-54a1ba0bdf43 [2026-09-07T11:06:19.613903] Synchronizing files with the container "75964680DA0B4C82840C1BA9494A874F"... ok (1s 78ms) (STDOUT, APP/TASK/deploy)#
#2026 09 07 11:06:21.257#Z#DEBUG#ee464cf9-aaab-11f1-a0e6-eeee0a85092e.order-app-db-deployer#flowable-async-job-executor-thread-40263#
[PollExecuteTaskStatusExecution] 722b502e-e9bd-46fe-a37a-54a1ba0bdf43 [2026-09-07T11:06:19.614222] added files: [ (STDOUT, APP/TASK/deploy)#
#2026 09 07 11:06:21.257#Z#DEBUG#ee464cf9-aaab-11f1-a0e6-eeee0a85092e.order-app-db-deployer#flowable-async-job-executor-thread-40263#
[PollExecuteTaskStatusExecution] 722b502e-e9bd-46fe-a37a-54a1ba0bdf43 [2026-09-07T11:06:19.614233] "src/gen/.hdiconfig", (STDOUT, APP/TASK/deploy)#
#2026 09 07 11:06:21.257#Z#DEBUG#ee464cf9-aaab-11f1-a0e6-eeee0a85092e.order-app-db-deployer#flowable-async-job-executor-thread-40263#
[PollExecuteTaskStatusExecution] 722b502e-e9bd-46fe-a37a-54a1ba0bdf43 [2026-09-07T11:06:19.614242] "src/gen/.hdinamespace", (STDOUT, APP/TASK/deploy)#
#2026 09 07 11:06:21.257#Z#DEBUG#ee464cf9-aaab-11f1-a0e6-eeee0a85092e.order-app-db-deployer#flowable-async-job-executor-thread-40263#
[PollExecuteTaskStatusExecution] 722b502e-e9bd-46fe-a37a-54a1ba0bdf43 [2026-09-07T11:06:19.614246] "src/gen/OrderService.OrderSet.hdbview", (STDOUT, APP/TASK/deploy)#
#2026 09 07 11:06:21.257#Z#DEBUG#ee464cf9-aaab-11f1-a0e6-eeee0a85092e.order-app-db-deployer#flowable-async-job-executor-thread-40263#
[PollExecuteTaskStatusExecution] 722b502e-e9bd-46fe-a37a-54a1ba0bdf43 [2026-09-07T11:06:19.614268] "src/gen/cds.outbox.Messages.hdbtable", (STDOUT, APP/TASK/deploy)#
#2026 09 07 11:06:21.257#Z#DEBUG#ee464cf9-aaab-11f1-a0e6-eeee0a85092e.order-app-db-deployer#flowable-async-job-executor-thread-40263#
[PollExecuteTaskStatusExecution] 722b502e-e9bd-46fe-a37a-54a1ba0bdf43 [2026-09-07T11:06:19.614271] "src/gen/data/orderapp.db-Orders.csv", (STDOUT, APP/TASK/deploy)#
#2026 09 07 11:06:21.257#Z#DEBUG#ee464cf9-aaab-11f1-a0e6-eeee0a85092e.order-app-db-deployer#flowable-async-job-executor-thread-40263#
[PollExecuteTaskStatusExecution] 722b502e-e9bd-46fe-a37a-54a1ba0bdf43 [2026-09-07T11:06:19.614277] "src/gen/data/orderapp.db-Orders.hdbtabledata", (STDOUT, APP/TASK/deploy)#
#2026 09 07 11:06:21.257#Z#DEBUG#ee464cf9-aaab-11f1-a0e6-eeee0a85092e.order-app-db-deployer#flowable-async-job-executor-thread-40263#
[PollExecuteTaskStatusExecution] 722b502e-e9bd-46fe-a37a-54a1ba0bdf43 [2026-09-07T11:06:19.614280] "src/gen/orderapp.db.Orders.hdbtable" (STDOUT, APP/TASK/deploy)#
#2026 09 07 11:06:21.257#Z#DEBUG#ee464cf9-aaab-11f1-a0e6-eeee0a85092e.order-app-db-deployer#flowable-async-job-executor-thread-40263#
[PollExecuteTaskStatusExecution] 722b502e-e9bd-46fe-a37a-54a1ba0bdf43 [2026-09-07T11:06:19.614282] ] (STDOUT, APP/TASK/deploy)#
#2026 09 07 11:06:21.257#Z#DEBUG#ee464cf9-aaab-11f1-a0e6-eeee0a85092e.order-app-db-deployer#flowable-async-job-executor-thread-40263#
[PollExecuteTaskStatusExecution] 722b502e-e9bd-46fe-a37a-54a1ba0bdf43 [2026-09-07T11:06:19.614344] modified files: [] (STDOUT, APP/TASK/deploy)#
#2026 09 07 11:06:21.257#Z#DEBUG#ee464cf9-aaab-11f1-a0e6-eeee0a85092e.order-app-db-deployer#flowable-async-job-executor-thread-40263#
[PollExecuteTaskStatusExecution] 722b502e-e9bd-46fe-a37a-54a1ba0bdf43 [2026-09-07T11:06:19.614368] deleted files: [] (STDOUT, APP/TASK/deploy)#
#2026 09 07 11:06:21.257#Z#DEBUG#ee464cf9-aaab-11f1-a0e6-eeee0a85092e.order-app-db-deployer#flowable-async-job-executor-thread-40263#
[PollExecuteTaskStatusExecution] 722b502e-e9bd-46fe-a37a-54a1ba0bdf43 [2026-09-07T11:06:19.614381] 7 modified or added files are scheduled for deploy based on delta detection (STDOUT, APP/TASK/deploy)#
#2026 09 07 11:06:21.257#Z#DEBUG#ee464cf9-aaab-11f1-a0e6-eeee0a85092e.order-app-db-deployer#flowable-async-job-executor-thread-40263#
[PollExecuteTaskStatusExecution] 722b502e-e9bd-46fe-a37a-54a1ba0bdf43 [2026-09-07T11:06:19.614682] 0 deleted files are scheduled for undeploy based on delta detection (filtered by undeploy allowlist) (STDOUT, APP/TASK/deploy)#
#2026 09 07 11:06:21.257#Z#DEBUG#ee464cf9-aaab-11f1-a0e6-eeee0a85092e.order-app-db-deployer#flowable-async-job-executor-thread-40263#
[PollExecuteTaskStatusExecution] 722b502e-e9bd-46fe-a37a-54a1ba0bdf43 [2026-09-07T11:06:19.614760] 0 files are scheduled for deploy based on explicit specification (STDOUT, APP/TASK/deploy)#
#2026 09 07 11:06:21.257#Z#DEBUG#ee464cf9-aaab-11f1-a0e6-eeee0a85092e.order-app-db-deployer#flowable-async-job-executor-thread-40263#
[PollExecuteTaskStatusExecution] 722b502e-e9bd-46fe-a37a-54a1ba0bdf43 [2026-09-07T11:06:19.614781] 0 files are scheduled for undeploy based on explicit specification (STDOUT, APP/TASK/deploy)#
#2026 09 07 11:06:21.257#Z#DEBUG#ee464cf9-aaab-11f1-a0e6-eeee0a85092e.order-app-db-deployer#flowable-async-job-executor-thread-40263#
[PollExecuteTaskStatusExecution] 722b502e-e9bd-46fe-a37a-54a1ba0bdf43 [2026-09-07T11:06:19.614978] Deploying to the container "75964680DA0B4C82840C1BA9494A874F"... (STDOUT, APP/TASK/deploy)#
#2026 09 07 11:06:21.257#Z#DEBUG#ee464cf9-aaab-11f1-a0e6-eeee0a85092e.order-app-db-deployer#flowable-async-job-executor-thread-40263#
[PollExecuteTaskStatusExecution] 722b502e-e9bd-46fe-a37a-54a1ba0bdf43 [2026-09-07T11:06:20.233235] Polling messages for request id: 14 (STDOUT, APP/TASK/deploy)#
#2026 09 07 11:06:21.257#Z#DEBUG#ee464cf9-aaab-11f1-a0e6-eeee0a85092e.order-app-db-deployer#flowable-async-job-executor-thread-40263#
[PollExecuteTaskStatusExecution] 722b502e-e9bd-46fe-a37a-54a1ba0bdf43 [2026-09-07T11:06:20.362716] Starting make in the container "75964680DA0B4C82840C1BA9494A874F" with 7 files to deploy, 0 files to undeploy... (STDOUT, APP/TASK/deploy)#
#2026 09 07 11:06:21.257#Z#DEBUG#ee464cf9-aaab-11f1-a0e6-eeee0a85092e.order-app-db-deployer#flowable-async-job-executor-thread-40263#
[PollExecuteTaskStatusExecution] 722b502e-e9bd-46fe-a37a-54a1ba0bdf43 [2026-09-07T11:06:20.362750] Disabling table replication for the container schema "75964680DA0B4C82840C1BA9494A874F"... (STDOUT, APP/TASK/deploy)#
#2026 09 07 11:06:21.257#Z#DEBUG#ee464cf9-aaab-11f1-a0e6-eeee0a85092e.order-app-db-deployer#flowable-async-job-executor-thread-40263#
[PollExecuteTaskStatusExecution] 722b502e-e9bd-46fe-a37a-54a1ba0bdf43 [2026-09-07T11:06:20.362756] Disabling table replication for the container schema "75964680DA0B4C82840C1BA9494A874F"... ok (0s 19ms) (STDOUT, APP/TASK/deploy)#
#2026 09 07 11:06:21.257#Z#DEBUG#ee464cf9-aaab-11f1-a0e6-eeee0a85092e.order-app-db-deployer#flowable-async-job-executor-thread-40263#
[PollExecuteTaskStatusExecution] 722b502e-e9bd-46fe-a37a-54a1ba0bdf43 [2026-09-07T11:06:20.362760] Migrating libraries... (STDOUT, APP/TASK/deploy)#
#2026 09 07 11:06:21.257#Z#DEBUG#ee464cf9-aaab-11f1-a0e6-eeee0a85092e.order-app-db-deployer#flowable-async-job-executor-thread-40263#
[PollExecuteTaskStatusExecution] 722b502e-e9bd-46fe-a37a-54a1ba0bdf43 [2026-09-07T11:06:20.362764] Migrating libraries... ok (0s 23ms) (STDOUT, APP/TASK/deploy)#
#2026 09 07 11:06:21.257#Z#DEBUG#ee464cf9-aaab-11f1-a0e6-eeee0a85092e.order-app-db-deployer#flowable-async-job-executor-thread-40263#
[PollExecuteTaskStatusExecution] 722b502e-e9bd-46fe-a37a-54a1ba0bdf43 [2026-09-07T11:06:20.362770] Making... (STDOUT, APP/TASK/deploy)#
#2026 09 07 11:06:21.257#Z#DEBUG#ee464cf9-aaab-11f1-a0e6-eeee0a85092e.order-app-db-deployer#flowable-async-job-executor-thread-40263#
[PollExecuteTaskStatusExecution] 722b502e-e9bd-46fe-a37a-54a1ba0bdf43 [2026-09-07T11:06:20.362782] Preparing... (STDOUT, APP/TASK/deploy)#
#2026 09 07 11:06:21.257#Z#DEBUG#ee464cf9-aaab-11f1-a0e6-eeee0a85092e.order-app-db-deployer#flowable-async-job-executor-thread-40263#
[PollExecuteTaskStatusExecution] 722b502e-e9bd-46fe-a37a-54a1ba0bdf43 [2026-09-07T11:06:20.362792] Preparing the make transaction... (STDOUT, APP/TASK/deploy)#
#2026 09 07 11:06:31.458#Z#DEBUG#ee464cf9-aaab-11f1-a0e6-eeee0a85092e.order-app-db-deployer#flowable-async-job-executor-thread-40270#
[PollExecuteTaskStatusExecution] 722b502e-e9bd-46fe-a37a-54a1ba0bdf43 [2026-09-07T11:06:21.372463] Deploying the configuration file "src/gen/.hdiconfig"... (STDOUT, APP/TASK/deploy)#
#2026 09 07 11:06:31.458#Z#DEBUG#ee464cf9-aaab-11f1-a0e6-eeee0a85092e.order-app-db-deployer#flowable-async-job-executor-thread-40270#
[PollExecuteTaskStatusExecution] 722b502e-e9bd-46fe-a37a-54a1ba0bdf43 [2026-09-07T11:06:21.372491] Preparing the make transaction... ok (0s 814ms) (STDOUT, APP/TASK/deploy)#
#2026 09 07 11:06:31.458#Z#DEBUG#ee464cf9-aaab-11f1-a0e6-eeee0a85092e.order-app-db-deployer#flowable-async-job-executor-thread-40270#
[PollExecuteTaskStatusExecution] 722b502e-e9bd-46fe-a37a-54a1ba0bdf43 [2026-09-07T11:06:21.372502] Deploying the configuration file "src/gen/.hdiconfig"... ok (0s 143ms) (STDOUT, APP/TASK/deploy)#
#2026 09 07 11:06:31.458#Z#DEBUG#ee464cf9-aaab-11f1-a0e6-eeee0a85092e.order-app-db-deployer#flowable-async-job-executor-thread-40270#
[PollExecuteTaskStatusExecution] 722b502e-e9bd-46fe-a37a-54a1ba0bdf43 [2026-09-07T11:06:21.372520] Deploying the namespace file "src/gen/.hdinamespace"... (STDOUT, APP/TASK/deploy)#
#2026 09 07 11:06:31.458#Z#DEBUG#ee464cf9-aaab-11f1-a0e6-eeee0a85092e.order-app-db-deployer#flowable-async-job-executor-thread-40270#
[PollExecuteTaskStatusExecution] 722b502e-e9bd-46fe-a37a-54a1ba0bdf43 [2026-09-07T11:06:21.372564] Deploying the namespace file "src/gen/.hdinamespace"... ok (0s 36ms) (STDOUT, APP/TASK/deploy)#
#2026 09 07 11:06:31.458#Z#DEBUG#ee464cf9-aaab-11f1-a0e6-eeee0a85092e.order-app-db-deployer#flowable-async-job-executor-thread-40270#
[PollExecuteTaskStatusExecution] 722b502e-e9bd-46fe-a37a-54a1ba0bdf43 [2026-09-07T11:06:21.372685] Adding "src/gen/OrderService.OrderSet.hdbview" for deploy... (STDOUT, APP/TASK/deploy)#
#2026 09 07 11:06:31.458#Z#DEBUG#ee464cf9-aaab-11f1-a0e6-eeee0a85092e.order-app-db-deployer#flowable-async-job-executor-thread-40270#
[PollExecuteTaskStatusExecution] 722b502e-e9bd-46fe-a37a-54a1ba0bdf43 [2026-09-07T11:06:21.372717] Adding "src/gen/OrderService.OrderSet.hdbview" for deploy... ok (0s 41ms) (STDOUT, APP/TASK/deploy)#
#2026 09 07 11:06:31.458#Z#DEBUG#ee464cf9-aaab-11f1-a0e6-eeee0a85092e.order-app-db-deployer#flowable-async-job-executor-thread-40270#
[PollExecuteTaskStatusExecution] 722b502e-e9bd-46fe-a37a-54a1ba0bdf43 [2026-09-07T11:06:21.372721] Adding "src/gen/cds.outbox.Messages.hdbtable" for deploy... (STDOUT, APP/TASK/deploy)#
#2026 09 07 11:06:31.458#Z#DEBUG#ee464cf9-aaab-11f1-a0e6-eeee0a85092e.order-app-db-deployer#flowable-async-job-executor-thread-40270#
[PollExecuteTaskStatusExecution] 722b502e-e9bd-46fe-a37a-54a1ba0bdf43 [2026-09-07T11:06:21.372723] Adding "src/gen/cds.outbox.Messages.hdbtable" for deploy... ok (0s 0ms) (STDOUT, APP/TASK/deploy)#
#2026 09 07 11:06:31.458#Z#DEBUG#ee464cf9-aaab-11f1-a0e6-eeee0a85092e.order-app-db-deployer#flowable-async-job-executor-thread-40270#
[PollExecuteTaskStatusExecution] 722b502e-e9bd-46fe-a37a-54a1ba0bdf43 [2026-09-07T11:06:21.372730] Adding "src/gen/data/orderapp.db-Orders.csv" for deploy... (STDOUT, APP/TASK/deploy)#
#2026 09 07 11:06:31.458#Z#DEBUG#ee464cf9-aaab-11f1-a0e6-eeee0a85092e.order-app-db-deployer#flowable-async-job-executor-thread-40270#
[PollExecuteTaskStatusExecution] 722b502e-e9bd-46fe-a37a-54a1ba0bdf43 [2026-09-07T11:06:21.372734] Adding "src/gen/data/orderapp.db-Orders.csv" for deploy... ok (0s 64ms) (STDOUT, APP/TASK/deploy)#
#2026 09 07 11:06:31.458#Z#DEBUG#ee464cf9-aaab-11f1-a0e6-eeee0a85092e.order-app-db-deployer#flowable-async-job-executor-thread-40270#
[PollExecuteTaskStatusExecution] 722b502e-e9bd-46fe-a37a-54a1ba0bdf43 [2026-09-07T11:06:21.372767] Adding "src/gen/data/orderapp.db-Orders.hdbtabledata" for deploy... (STDOUT, APP/TASK/deploy)#
#2026 09 07 11:06:31.458#Z#DEBUG#ee464cf9-aaab-11f1-a0e6-eeee0a85092e.order-app-db-deployer#flowable-async-job-executor-thread-40270#
[PollExecuteTaskStatusExecution] 722b502e-e9bd-46fe-a37a-54a1ba0bdf43 [2026-09-07T11:06:21.372770] Adding "src/gen/data/orderapp.db-Orders.hdbtabledata" for deploy... ok (0s 0ms) (STDOUT, APP/TASK/deploy)#
#2026 09 07 11:06:31.458#Z#DEBUG#ee464cf9-aaab-11f1-a0e6-eeee0a85092e.order-app-db-deployer#flowable-async-job-executor-thread-40270#
[PollExecuteTaskStatusExecution] 722b502e-e9bd-46fe-a37a-54a1ba0bdf43 [2026-09-07T11:06:21.372772] Adding "src/gen/orderapp.db.Orders.hdbtable" for deploy... (STDOUT, APP/TASK/deploy)#
#2026 09 07 11:06:31.458#Z#DEBUG#ee464cf9-aaab-11f1-a0e6-eeee0a85092e.order-app-db-deployer#flowable-async-job-executor-thread-40270#
[PollExecuteTaskStatusExecution] 722b502e-e9bd-46fe-a37a-54a1ba0bdf43 [2026-09-07T11:06:21.372775] Adding "src/gen/orderapp.db.Orders.hdbtable" for deploy... ok (0s 0ms) (STDOUT, APP/TASK/deploy)#
#2026 09 07 11:06:31.458#Z#DEBUG#ee464cf9-aaab-11f1-a0e6-eeee0a85092e.order-app-db-deployer#flowable-async-job-executor-thread-40270#
[PollExecuteTaskStatusExecution] 722b502e-e9bd-46fe-a37a-54a1ba0bdf43 [2026-09-07T11:06:21.372778] Preparing... ok (1s 56ms) (STDOUT, APP/TASK/deploy)#
#2026 09 07 11:06:31.458#Z#DEBUG#ee464cf9-aaab-11f1-a0e6-eeee0a85092e.order-app-db-deployer#flowable-async-job-executor-thread-40270#
[PollExecuteTaskStatusExecution] 722b502e-e9bd-46fe-a37a-54a1ba0bdf43 [2026-09-07T11:06:21.372781] Calculating dependencies... (STDOUT, APP/TASK/deploy)#
#2026 09 07 11:06:31.458#Z#DEBUG#ee464cf9-aaab-11f1-a0e6-eeee0a85092e.order-app-db-deployer#flowable-async-job-executor-thread-40270#
[PollExecuteTaskStatusExecution] 722b502e-e9bd-46fe-a37a-54a1ba0bdf43 [2026-09-07T11:06:21.372788] Expanding... (STDOUT, APP/TASK/deploy)#
#2026 09 07 11:06:31.458#Z#DEBUG#ee464cf9-aaab-11f1-a0e6-eeee0a85092e.order-app-db-deployer#flowable-async-job-executor-thread-40270#
[PollExecuteTaskStatusExecution] 722b502e-e9bd-46fe-a37a-54a1ba0bdf43 [2026-09-07T11:06:21.372830] Expanding "src/gen/cds.outbox.Messages.hdbtable"... (STDOUT, APP/TASK/deploy)#
#2026 09 07 11:06:31.458#Z#DEBUG#ee464cf9-aaab-11f1-a0e6-eeee0a85092e.order-app-db-deployer#flowable-async-job-executor-thread-40270#
[PollExecuteTaskStatusExecution] 722b502e-e9bd-46fe-a37a-54a1ba0bdf43 [2026-09-07T11:06:21.372834] Expanding "src/gen/OrderService.OrderSet.hdbview"... (STDOUT, APP/TASK/deploy)#
#2026 09 07 11:06:31.458#Z#DEBUG#ee464cf9-aaab-11f1-a0e6-eeee0a85092e.order-app-db-deployer#flowable-async-job-executor-thread-40270#
[PollExecuteTaskStatusExecution] 722b502e-e9bd-46fe-a37a-54a1ba0bdf43 [2026-09-07T11:06:21.372838] Expanding "src/gen/data/orderapp.db-Orders.hdbtabledata"... (STDOUT, APP/TASK/deploy)#
#2026 09 07 11:06:31.458#Z#DEBUG#ee464cf9-aaab-11f1-a0e6-eeee0a85092e.order-app-db-deployer#flowable-async-job-executor-thread-40270#
[PollExecuteTaskStatusExecution] 722b502e-e9bd-46fe-a37a-54a1ba0bdf43 [2026-09-07T11:06:21.372859] Expanding "src/gen/orderapp.db.Orders.hdbtable"... (STDOUT, APP/TASK/deploy)#
#2026 09 07 11:06:31.458#Z#DEBUG#ee464cf9-aaab-11f1-a0e6-eeee0a85092e.order-app-db-deployer#flowable-async-job-executor-thread-40270#
[PollExecuteTaskStatusExecution] 722b502e-e9bd-46fe-a37a-54a1ba0bdf43 [2026-09-07T11:06:21.372862] Expanding "src/gen/data/orderapp.db-Orders.hdbtabledata"... ok (0s 12ms) (STDOUT, APP/TASK/deploy)#
#2026 09 07 11:06:31.458#Z#DEBUG#ee464cf9-aaab-11f1-a0e6-eeee0a85092e.order-app-db-deployer#flowable-async-job-executor-thread-40270#
[PollExecuteTaskStatusExecution] 722b502e-e9bd-46fe-a37a-54a1ba0bdf43 [2026-09-07T11:06:21.372864] Expanding "src/gen/OrderService.OrderSet.hdbview"... ok (0s 28ms) (STDOUT, APP/TASK/deploy)#
#2026 09 07 11:06:31.458#Z#DEBUG#ee464cf9-aaab-11f1-a0e6-eeee0a85092e.order-app-db-deployer#flowable-async-job-executor-thread-40270#
[PollExecuteTaskStatusExecution] 722b502e-e9bd-46fe-a37a-54a1ba0bdf43 [2026-09-07T11:06:21.372866] Expanding "src/gen/orderapp.db.Orders.hdbtable"... ok (0s 29ms) (STDOUT, APP/TASK/deploy)#
#2026 09 07 11:06:31.458#Z#DEBUG#ee464cf9-aaab-11f1-a0e6-eeee0a85092e.order-app-db-deployer#flowable-async-job-executor-thread-40270#
[PollExecuteTaskStatusExecution] 722b502e-e9bd-46fe-a37a-54a1ba0bdf43 [2026-09-07T11:06:21.372869] Expanding "src/gen/cds.outbox.Messages.hdbtable"... ok (0s 31ms) (STDOUT, APP/TASK/deploy)#
#2026 09 07 11:06:31.458#Z#DEBUG#ee464cf9-aaab-11f1-a0e6-eeee0a85092e.order-app-db-deployer#flowable-async-job-executor-thread-40270#
[PollExecuteTaskStatusExecution] 722b502e-e9bd-46fe-a37a-54a1ba0bdf43 [2026-09-07T11:06:21.372871] Expanding... ok (0s 130ms) (STDOUT, APP/TASK/deploy)#
#2026 09 07 11:06:31.458#Z#DEBUG#ee464cf9-aaab-11f1-a0e6-eeee0a85092e.order-app-db-deployer#flowable-async-job-executor-thread-40270#
[PollExecuteTaskStatusExecution] 722b502e-e9bd-46fe-a37a-54a1ba0bdf43 [2026-09-07T11:06:21.372879] Precompiling... (STDOUT, APP/TASK/deploy)#
#2026 09 07 11:06:31.458#Z#DEBUG#ee464cf9-aaab-11f1-a0e6-eeee0a85092e.order-app-db-deployer#flowable-async-job-executor-thread-40270#
[PollExecuteTaskStatusExecution] 722b502e-e9bd-46fe-a37a-54a1ba0bdf43 [2026-09-07T11:06:21.372882] Precompiling "src/gen/OrderService.OrderSet.hdbview"... (STDOUT, APP/TASK/deploy)#
#2026 09 07 11:06:31.458#Z#DEBUG#ee464cf9-aaab-11f1-a0e6-eeee0a85092e.order-app-db-deployer#flowable-async-job-executor-thread-40270#
[PollExecuteTaskStatusExecution] 722b502e-e9bd-46fe-a37a-54a1ba0bdf43 [2026-09-07T11:06:21.372905] Precompiling "src/gen/cds.outbox.Messages.hdbtable"... (STDOUT, APP/TASK/deploy)#
#2026 09 07 11:06:31.458#Z#DEBUG#ee464cf9-aaab-11f1-a0e6-eeee0a85092e.order-app-db-deployer#flowable-async-job-executor-thread-40270#
[PollExecuteTaskStatusExecution] 722b502e-e9bd-46fe-a37a-54a1ba0bdf43 [2026-09-07T11:06:21.372907] Precompiling "src/gen/data/orderapp.db-Orders.csv"... (STDOUT, APP/TASK/deploy)#
#2026 09 07 11:06:31.458#Z#DEBUG#ee464cf9-aaab-11f1-a0e6-eeee0a85092e.order-app-db-deployer#flowable-async-job-executor-thread-40270#
[PollExecuteTaskStatusExecution] 722b502e-e9bd-46fe-a37a-54a1ba0bdf43 [2026-09-07T11:06:21.372914] Precompiling "src/gen/data/orderapp.db-Orders.hdbtabledata"... (STDOUT, APP/TASK/deploy)#
#2026 09 07 11:06:31.458#Z#DEBUG#ee464cf9-aaab-11f1-a0e6-eeee0a85092e.order-app-db-deployer#flowable-async-job-executor-thread-40270#
[PollExecuteTaskStatusExecution] 722b502e-e9bd-46fe-a37a-54a1ba0bdf43 [2026-09-07T11:06:21.372972] Precompiling "src/gen/data/orderapp.db-Orders.hdbtabledata"... ok (0s 0ms) (STDOUT, APP/TASK/deploy)#
#2026 09 07 11:06:31.458#Z#DEBUG#ee464cf9-aaab-11f1-a0e6-eeee0a85092e.order-app-db-deployer#flowable-async-job-executor-thread-40270#
[PollExecuteTaskStatusExecution] 722b502e-e9bd-46fe-a37a-54a1ba0bdf43 [2026-09-07T11:06:21.373006] Precompiling "src/gen/data/orderapp.db-Orders.hdbtabledata$0.expand"... (STDOUT, APP/TASK/deploy)#
#2026 09 07 11:06:31.458#Z#DEBUG#ee464cf9-aaab-11f1-a0e6-eeee0a85092e.order-app-db-deployer#flowable-async-job-executor-thread-40270#
[PollExecuteTaskStatusExecution] 722b502e-e9bd-46fe-a37a-54a1ba0bdf43 [2026-09-07T11:06:21.373017] Expanded from "src/gen/data/orderapp.db-Orders.hdbtabledata" (STDOUT, APP/TASK/deploy)#
#2026 09 07 11:06:31.458#Z#DEBUG#ee464cf9-aaab-11f1-a0e6-eeee0a85092e.order-app-db-deployer#flowable-async-job-executor-thread-40270#
[PollExecuteTaskStatusExecution] 722b502e-e9bd-46fe-a37a-54a1ba0bdf43 [2026-09-07T11:06:21.373024] Precompiling "src/gen/data/orderapp.db-Orders.csv"... ok (0s 3ms) (STDOUT, APP/TASK/deploy)#
#2026 09 07 11:06:31.458#Z#DEBUG#ee464cf9-aaab-11f1-a0e6-eeee0a85092e.order-app-db-deployer#flowable-async-job-executor-thread-40270#
[PollExecuteTaskStatusExecution] 722b502e-e9bd-46fe-a37a-54a1ba0bdf43 [2026-09-07T11:06:21.373044] Precompiling "src/gen/orderapp.db.Orders.hdbtable"... (STDOUT, APP/TASK/deploy)#
#2026 09 07 11:06:31.458#Z#DEBUG#ee464cf9-aaab-11f1-a0e6-eeee0a85092e.order-app-db-deployer#flowable-async-job-executor-thread-40270#
[PollExecuteTaskStatusExecution] 722b502e-e9bd-46fe-a37a-54a1ba0bdf43 [2026-09-07T11:06:21.373050] Precompiling "src/gen/data/orderapp.db-Orders.hdbtabledata$0.expand"... ok (0s 3ms) (STDOUT, APP/TASK/deploy)#
#2026 09 07 11:06:31.458#Z#DEBUG#ee464cf9-aaab-11f1-a0e6-eeee0a85092e.order-app-db-deployer#flowable-async-job-executor-thread-40270#
[PollExecuteTaskStatusExecution] 722b502e-e9bd-46fe-a37a-54a1ba0bdf43 [2026-09-07T11:06:21.373063] Precompiling "src/gen/OrderService.OrderSet.hdbview"... ok (0s 14ms) (STDOUT, APP/TASK/deploy)#
#2026 09 07 11:06:31.458#Z#DEBUG#ee464cf9-aaab-11f1-a0e6-eeee0a85092e.order-app-db-deployer#flowable-async-job-executor-thread-40270#
[PollExecuteTaskStatusExecution] 722b502e-e9bd-46fe-a37a-54a1ba0bdf43 [2026-09-07T11:06:21.373066] Precompiling "src/gen/cds.outbox.Messages.hdbtable"... ok (0s 14ms) (STDOUT, APP/TASK/deploy)#
#2026 09 07 11:06:31.458#Z#DEBUG#ee464cf9-aaab-11f1-a0e6-eeee0a85092e.order-app-db-deployer#flowable-async-job-executor-thread-40270#
[PollExecuteTaskStatusExecution] 722b502e-e9bd-46fe-a37a-54a1ba0bdf43 [2026-09-07T11:06:21.373068] Precompiling "src/gen/orderapp.db.Orders.hdbtable"... ok (0s 11ms) (STDOUT, APP/TASK/deploy)#
#2026 09 07 11:06:31.458#Z#DEBUG#ee464cf9-aaab-11f1-a0e6-eeee0a85092e.order-app-db-deployer#flowable-async-job-executor-thread-40270#
[PollExecuteTaskStatusExecution] 722b502e-e9bd-46fe-a37a-54a1ba0bdf43 [2026-09-07T11:06:21.373072] Precompiling... ok (0s 50ms) (STDOUT, APP/TASK/deploy)#
#2026 09 07 11:06:31.458#Z#DEBUG#ee464cf9-aaab-11f1-a0e6-eeee0a85092e.order-app-db-deployer#flowable-async-job-executor-thread-40270#
[PollExecuteTaskStatusExecution] 722b502e-e9bd-46fe-a37a-54a1ba0bdf43 [2026-09-07T11:06:21.373078] Merging... (STDOUT, APP/TASK/deploy)#
#2026 09 07 11:06:31.458#Z#DEBUG#ee464cf9-aaab-11f1-a0e6-eeee0a85092e.order-app-db-deployer#flowable-async-job-executor-thread-40270#
[PollExecuteTaskStatusExecution] 722b502e-e9bd-46fe-a37a-54a1ba0bdf43 [2026-09-07T11:06:21.373134] Merging... ok (0s 28ms) (STDOUT, APP/TASK/deploy)#
#2026 09 07 11:06:31.458#Z#DEBUG#ee464cf9-aaab-11f1-a0e6-eeee0a85092e.order-app-db-deployer#flowable-async-job-executor-thread-40270#
[PollExecuteTaskStatusExecution] 722b502e-e9bd-46fe-a37a-54a1ba0bdf43 [2026-09-07T11:06:21.373151] Calculating dependencies... ok (0s 208ms) (STDOUT, APP/TASK/deploy)#
#2026 09 07 11:06:31.458#Z#DEBUG#ee464cf9-aaab-11f1-a0e6-eeee0a85092e.order-app-db-deployer#flowable-async-job-executor-thread-40270#
[PollExecuteTaskStatusExecution] 722b502e-e9bd-46fe-a37a-54a1ba0bdf43 [2026-09-07T11:06:22.382938] Processing work list... (STDOUT, APP/TASK/deploy)#
#2026 09 07 11:06:31.458#Z#DEBUG#ee464cf9-aaab-11f1-a0e6-eeee0a85092e.order-app-db-deployer#flowable-async-job-executor-thread-40270#
[PollExecuteTaskStatusExecution] 722b502e-e9bd-46fe-a37a-54a1ba0bdf43 [2026-09-07T11:06:22.382984] Deploying "src/gen/data/orderapp.db-Orders.csv"... (STDOUT, APP/TASK/deploy)#
#2026 09 07 11:06:31.458#Z#DEBUG#ee464cf9-aaab-11f1-a0e6-eeee0a85092e.order-app-db-deployer#flowable-async-job-executor-thread-40270#
[PollExecuteTaskStatusExecution] 722b502e-e9bd-46fe-a37a-54a1ba0bdf43 [2026-09-07T11:06:22.382988] Deploying "src/gen/cds.outbox.Messages.hdbtable"... (STDOUT, APP/TASK/deploy)#
#2026 09 07 11:06:31.458#Z#DEBUG#ee464cf9-aaab-11f1-a0e6-eeee0a85092e.order-app-db-deployer#flowable-async-job-executor-thread-40270#
[PollExecuteTaskStatusExecution] 722b502e-e9bd-46fe-a37a-54a1ba0bdf43 [2026-09-07T11:06:22.382992] Deploying "src/gen/data/orderapp.db-Orders.hdbtabledata"... (STDOUT, APP/TASK/deploy)#
#2026 09 07 11:06:31.458#Z#DEBUG#ee464cf9-aaab-11f1-a0e6-eeee0a85092e.order-app-db-deployer#flowable-async-job-executor-thread-40270#
[PollExecuteTaskStatusExecution] 722b502e-e9bd-46fe-a37a-54a1ba0bdf43 [2026-09-07T11:06:22.383046] Deploying "src/gen/data/orderapp.db-Orders.hdbtabledata"... ok (0s 0ms) (STDOUT, APP/TASK/deploy)#
#2026 09 07 11:06:31.458#Z#DEBUG#ee464cf9-aaab-11f1-a0e6-eeee0a85092e.order-app-db-deployer#flowable-async-job-executor-thread-40270#
[PollExecuteTaskStatusExecution] 722b502e-e9bd-46fe-a37a-54a1ba0bdf43 [2026-09-07T11:06:22.383050] Deploying "src/gen/orderapp.db.Orders.hdbtable"... (STDOUT, APP/TASK/deploy)#
#2026 09 07 11:06:31.458#Z#DEBUG#ee464cf9-aaab-11f1-a0e6-eeee0a85092e.order-app-db-deployer#flowable-async-job-executor-thread-40270#
[PollExecuteTaskStatusExecution] 722b502e-e9bd-46fe-a37a-54a1ba0bdf43 [2026-09-07T11:06:22.383129] Deploying "src/gen/data/orderapp.db-Orders.csv"... ok (0s 225ms) (STDOUT, APP/TASK/deploy)#
#2026 09 07 11:06:31.458#Z#DEBUG#ee464cf9-aaab-11f1-a0e6-eeee0a85092e.order-app-db-deployer#flowable-async-job-executor-thread-40270#
[PollExecuteTaskStatusExecution] 722b502e-e9bd-46fe-a37a-54a1ba0bdf43 [2026-09-07T11:06:22.383146] Deploying "src/gen/cds.outbox.Messages.hdbtable"... ok (0s 242ms) (STDOUT, APP/TASK/deploy)#
#2026 09 07 11:06:31.458#Z#DEBUG#ee464cf9-aaab-11f1-a0e6-eeee0a85092e.order-app-db-deployer#flowable-async-job-executor-thread-40270#
[PollExecuteTaskStatusExecution] 722b502e-e9bd-46fe-a37a-54a1ba0bdf43 [2026-09-07T11:06:22.383186] Deploying "src/gen/orderapp.db.Orders.hdbtable"... ok (0s 239ms) (STDOUT, APP/TASK/deploy)#
#2026 09 07 11:06:31.458#Z#DEBUG#ee464cf9-aaab-11f1-a0e6-eeee0a85092e.order-app-db-deployer#flowable-async-job-executor-thread-40270#
[PollExecuteTaskStatusExecution] 722b502e-e9bd-46fe-a37a-54a1ba0bdf43 [2026-09-07T11:06:22.383208] Deploying "src/gen/data/orderapp.db-Orders.hdbtabledata$0.expand"... (STDOUT, APP/TASK/deploy)#
#2026 09 07 11:06:31.458#Z#DEBUG#ee464cf9-aaab-11f1-a0e6-eeee0a85092e.order-app-db-deployer#flowable-async-job-executor-thread-40270#
[PollExecuteTaskStatusExecution] 722b502e-e9bd-46fe-a37a-54a1ba0bdf43 [2026-09-07T11:06:22.383307] Expanded from "src/gen/data/orderapp.db-Orders.hdbtabledata" (STDOUT, APP/TASK/deploy)#
#2026 09 07 11:06:31.458#Z#DEBUG#ee464cf9-aaab-11f1-a0e6-eeee0a85092e.order-app-db-deployer#flowable-async-job-executor-thread-40270#
[PollExecuteTaskStatusExecution] 722b502e-e9bd-46fe-a37a-54a1ba0bdf43 [2026-09-07T11:06:22.383364] Inserted 10 records of the data source file "orderapp.db-Orders.csv" into the target table "ORDERAPP_DB_ORDERS" (STDOUT, APP/TASK/deploy)#
#2026 09 07 11:06:31.458#Z#DEBUG#ee464cf9-aaab-11f1-a0e6-eeee0a85092e.order-app-db-deployer#flowable-async-job-executor-thread-40270#
[PollExecuteTaskStatusExecution] 722b502e-e9bd-46fe-a37a-54a1ba0bdf43 [2026-09-07T11:06:22.383415] Deploying "src/gen/data/orderapp.db-Orders.hdbtabledata$0.expand"... ok (0s 601ms) (STDOUT, APP/TASK/deploy)#
#2026 09 07 11:06:31.458#Z#DEBUG#ee464cf9-aaab-11f1-a0e6-eeee0a85092e.order-app-db-deployer#flowable-async-job-executor-thread-40270#
[PollExecuteTaskStatusExecution] 722b502e-e9bd-46fe-a37a-54a1ba0bdf43 [2026-09-07T11:06:22.383489] Deploying "src/gen/OrderService.OrderSet.hdbview"... (STDOUT, APP/TASK/deploy)#
#2026 09 07 11:06:31.458#Z#DEBUG#ee464cf9-aaab-11f1-a0e6-eeee0a85092e.order-app-db-deployer#flowable-async-job-executor-thread-40270#
[PollExecuteTaskStatusExecution] 722b502e-e9bd-46fe-a37a-54a1ba0bdf43 [2026-09-07T11:06:22.383531] Deploying "src/gen/OrderService.OrderSet.hdbview"... ok (0s 45ms) (STDOUT, APP/TASK/deploy)#
#2026 09 07 11:06:31.458#Z#DEBUG#ee464cf9-aaab-11f1-a0e6-eeee0a85092e.order-app-db-deployer#flowable-async-job-executor-thread-40270#
[PollExecuteTaskStatusExecution] 722b502e-e9bd-46fe-a37a-54a1ba0bdf43 [2026-09-07T11:06:22.383573] Processing work list... ok (0s 917ms) (STDOUT, APP/TASK/deploy)#
#2026 09 07 11:06:31.458#Z#DEBUG#ee464cf9-aaab-11f1-a0e6-eeee0a85092e.order-app-db-deployer#flowable-async-job-executor-thread-40270#
[PollExecuteTaskStatusExecution] 722b502e-e9bd-46fe-a37a-54a1ba0bdf43 [2026-09-07T11:06:22.383682] Finalizing... (STDOUT, APP/TASK/deploy)#
#2026 09 07 11:06:31.458#Z#DEBUG#ee464cf9-aaab-11f1-a0e6-eeee0a85092e.order-app-db-deployer#flowable-async-job-executor-thread-40270#
[PollExecuteTaskStatusExecution] 722b502e-e9bd-46fe-a37a-54a1ba0bdf43 [2026-09-07T11:06:22.518794] Finalizing... ok (0s 120ms) (STDOUT, APP/TASK/deploy)#
#2026 09 07 11:06:31.458#Z#DEBUG#ee464cf9-aaab-11f1-a0e6-eeee0a85092e.order-app-db-deployer#flowable-async-job-executor-thread-40270#
[PollExecuteTaskStatusExecution] 722b502e-e9bd-46fe-a37a-54a1ba0bdf43 [2026-09-07T11:06:22.520396] Make succeeded (0 warnings): 7 files deployed (effective 8), 0 files undeployed (effective 0), 0 dependent files redeployed (STDOUT, APP/TASK/deploy)#
#2026 09 07 11:06:31.458#Z#DEBUG#ee464cf9-aaab-11f1-a0e6-eeee0a85092e.order-app-db-deployer#flowable-async-job-executor-thread-40270#
[PollExecuteTaskStatusExecution] 722b502e-e9bd-46fe-a37a-54a1ba0bdf43 [2026-09-07T11:06:22.520451] Making... ok (2s 505ms) (STDOUT, APP/TASK/deploy)#
#2026 09 07 11:06:31.458#Z#DEBUG#ee464cf9-aaab-11f1-a0e6-eeee0a85092e.order-app-db-deployer#flowable-async-job-executor-thread-40270#
[PollExecuteTaskStatusExecution] 722b502e-e9bd-46fe-a37a-54a1ba0bdf43 [2026-09-07T11:06:22.520596] Enabling table replication for the container schema "75964680DA0B4C82840C1BA9494A874F"... (STDOUT, APP/TASK/deploy)#
#2026 09 07 11:06:31.458#Z#DEBUG#ee464cf9-aaab-11f1-a0e6-eeee0a85092e.order-app-db-deployer#flowable-async-job-executor-thread-40270#
[PollExecuteTaskStatusExecution] 722b502e-e9bd-46fe-a37a-54a1ba0bdf43 [2026-09-07T11:06:22.520679] Enabling table replication for the container schema "75964680DA0B4C82840C1BA9494A874F"... ok (0s 10ms) (STDOUT, APP/TASK/deploy)#
#2026 09 07 11:06:31.458#Z#DEBUG#ee464cf9-aaab-11f1-a0e6-eeee0a85092e.order-app-db-deployer#flowable-async-job-executor-thread-40270#
[PollExecuteTaskStatusExecution] 722b502e-e9bd-46fe-a37a-54a1ba0bdf43 [2026-09-07T11:06:22.520782] Starting make in the container "75964680DA0B4C82840C1BA9494A874F" with 7 files to deploy, 0 files to undeploy... ok (2s 588ms) (STDOUT, APP/TASK/deploy)#
#2026 09 07 11:06:31.458#Z#DEBUG#ee464cf9-aaab-11f1-a0e6-eeee0a85092e.order-app-db-deployer#flowable-async-job-executor-thread-40270#
[PollExecuteTaskStatusExecution] 722b502e-e9bd-46fe-a37a-54a1ba0bdf43 [2026-09-07T11:06:22.520946] Deploying to the container "75964680DA0B4C82840C1BA9494A874F"... ok (2s 906ms) (STDOUT, APP/TASK/deploy)#
#2026 09 07 11:06:31.458#Z#DEBUG#ee464cf9-aaab-11f1-a0e6-eeee0a85092e.order-app-db-deployer#flowable-async-job-executor-thread-40270#
[PollExecuteTaskStatusExecution] 722b502e-e9bd-46fe-a37a-54a1ba0bdf43 [2026-09-07T11:06:22.521433] No default-access-role handling needed; global role "75964680DA0B4C82840C1BA9494A874F::access_role" will not be adapted (STDOUT, APP/TASK/deploy)#
#2026 09 07 11:06:31.458#Z#DEBUG#ee464cf9-aaab-11f1-a0e6-eeee0a85092e.order-app-db-deployer#flowable-async-job-executor-thread-40270#
[PollExecuteTaskStatusExecution] 722b502e-e9bd-46fe-a37a-54a1ba0bdf43 [2026-09-07T11:06:22.521572] Unlocking the container "75964680DA0B4C82840C1BA9494A874F"... (STDOUT, APP/TASK/deploy)#
#2026 09 07 11:06:31.458#Z#DEBUG#ee464cf9-aaab-11f1-a0e6-eeee0a85092e.order-app-db-deployer#flowable-async-job-executor-thread-40270#
[PollExecuteTaskStatusExecution] 722b502e-e9bd-46fe-a37a-54a1ba0bdf43 [2026-09-07T11:06:22.522231] Unlocking the container "75964680DA0B4C82840C1BA9494A874F"... ok (0s 1ms) (STDOUT, APP/TASK/deploy)#
#2026 09 07 11:06:31.458#Z#DEBUG#ee464cf9-aaab-11f1-a0e6-eeee0a85092e.order-app-db-deployer#flowable-async-job-executor-thread-40270#
[PollExecuteTaskStatusExecution] 722b502e-e9bd-46fe-a37a-54a1ba0bdf43 [2026-09-07T11:06:22.522498] Deployment to container 75964680DA0B4C82840C1BA9494A874F done [Deployment ID: none]. (STDOUT, APP/TASK/deploy)#
#2026 09 07 11:06:31.458#Z#DEBUG#ee464cf9-aaab-11f1-a0e6-eeee0a85092e.order-app-db-deployer#flowable-async-job-executor-thread-40270#
[PollExecuteTaskStatusExecution] 722b502e-e9bd-46fe-a37a-54a1ba0bdf43 [2026-09-07T11:06:22.523102] Deployment ended at 2026-09-07 11:06:22 (STDOUT, APP/TASK/deploy)#
#2026 09 07 11:06:31.458#Z#DEBUG#ee464cf9-aaab-11f1-a0e6-eeee0a85092e.order-app-db-deployer#flowable-async-job-executor-thread-40270#
[PollExecuteTaskStatusExecution] 722b502e-e9bd-46fe-a37a-54a1ba0bdf43 [2026-09-07T11:06:22.524002] (5s 158ms) (STDOUT, APP/TASK/deploy)#
#2026 09 07 11:06:31.458#Z#DEBUG#ee464cf9-aaab-11f1-a0e6-eeee0a85092e.order-app-db-deployer#flowable-async-job-executor-thread-40270#
[PollExecuteTaskStatusExecution] 722b502e-e9bd-46fe-a37a-54a1ba0bdf43 [2026-09-07T11:06:22.543001] npm notice (STDERR, APP/TASK/deploy)#
#2026 09 07 11:06:31.458#Z#DEBUG#ee464cf9-aaab-11f1-a0e6-eeee0a85092e.order-app-db-deployer#flowable-async-job-executor-thread-40270#
[PollExecuteTaskStatusExecution] 722b502e-e9bd-46fe-a37a-54a1ba0bdf43 [2026-09-07T11:06:22.543040] npm notice New major version of npm available! 11.16.0 -> 12.0.2 (STDERR, APP/TASK/deploy)#
#2026 09 07 11:06:31.458#Z#DEBUG#ee464cf9-aaab-11f1-a0e6-eeee0a85092e.order-app-db-deployer#flowable-async-job-executor-thread-40270#
[PollExecuteTaskStatusExecution] 722b502e-e9bd-46fe-a37a-54a1ba0bdf43 [2026-09-07T11:06:22.543049] npm notice Changelog: https://github.com/npm/cli/releases/tag/v12.0.2 (STDERR, APP/TASK/deploy)#
#2026 09 07 11:06:31.458#Z#DEBUG#ee464cf9-aaab-11f1-a0e6-eeee0a85092e.order-app-db-deployer#flowable-async-job-executor-thread-40270#
[PollExecuteTaskStatusExecution] 722b502e-e9bd-46fe-a37a-54a1ba0bdf43 [2026-09-07T11:06:22.543053] npm notice To update run: npm install -g npm@12.0.2 (STDERR, APP/TASK/deploy)#
#2026 09 07 11:06:31.458#Z#DEBUG#ee464cf9-aaab-11f1-a0e6-eeee0a85092e.order-app-db-deployer#flowable-async-job-executor-thread-40270#
[PollExecuteTaskStatusExecution] 722b502e-e9bd-46fe-a37a-54a1ba0bdf43 [2026-09-07T11:06:22.543055] npm notice (STDERR, APP/TASK/deploy)#
#2026 09 07 11:06:31.458#Z#DEBUG#ee464cf9-aaab-11f1-a0e6-eeee0a85092e.order-app-db-deployer#flowable-async-job-executor-thread-40270#
[PollExecuteTaskStatusExecution] 722b502e-e9bd-46fe-a37a-54a1ba0bdf43 [2026-09-07T11:06:22.611074] Exit status 0 (STDOUT, APP/TASK/deploy)#
#2026 09 07 11:06:31.458#Z#DEBUG#ee464cf9-aaab-11f1-a0e6-eeee0a85092e.order-app-db-deployer#flowable-async-job-executor-thread-40270#
[PollExecuteTaskStatusExecution] 722b502e-e9bd-46fe-a37a-54a1ba0bdf43 [2026-09-07T11:06:23.165409] Cell d1cc041a-d5a1-41d6-b9f6-6cda736ce3f0 stopping instance a14c6ae9-96a8-4360-b29c-e2aa3751af18 (STDOUT, CELL)#
#2026 09 07 11:06:31.458#Z#DEBUG#ee464cf9-aaab-11f1-a0e6-eeee0a85092e.order-app-db-deployer#flowable-async-job-executor-thread-40270#
[PollExecuteTaskStatusExecution] 722b502e-e9bd-46fe-a37a-54a1ba0bdf43 [2026-09-07T11:06:23.165474] Cell d1cc041a-d5a1-41d6-b9f6-6cda736ce3f0 destroying container for instance a14c6ae9-96a8-4360-b29c-e2aa3751af18 (STDOUT, CELL)#
#2026 09 07 11:06:31.458#Z#DEBUG#ee464cf9-aaab-11f1-a0e6-eeee0a85092e.order-app-db-deployer#flowable-async-job-executor-thread-40270#
[PollExecuteTaskStatusExecution] 722b502e-e9bd-46fe-a37a-54a1ba0bdf43 [2026-09-07T11:06:25.262962] Cell d1cc041a-d5a1-41d6-b9f6-6cda736ce3f0 successfully destroyed container for instance a14c6ae9-96a8-4360-b29c-e2aa3751af18 (STDOUT, CELL)#
